Component: ARM Compiler 5.06 update 7 (build 960) Tool: armlink [4d3601]

==============================================================================

Section Cross References

    multimeter.o(i.EXTI0_IRQHandler) refers to multimeter.o(i.checkButton) for checkButton
    multimeter.o(i.EXTI0_IRQHandler) refers to multimeter.o(i.menu) for menu
    multimeter.o(i.EXTI0_IRQHandler) refers to multimeter.o(.data) for buttonState
    multimeter.o(i.SysTick_Handler) refers to multimeter.o(.data) for buttonState
    multimeter.o(i.ac_voltage) refers to multimeter.o(.data) for adc1_conv
    multimeter.o(i.current) refers to _printf_percent.o(.ARM.Collect$$_printf_percent$$00000000) for _printf_percent
    multimeter.o(i.current) refers to _printf_g.o(.ARM.Collect$$_printf_percent$$00000005) for _printf_g
    multimeter.o(i.current) refers to printf1.o(x$fpl$printf1) for _printf_fp_dec
    multimeter.o(i.current) refers to pb_lcd_drivers.o(i.PB_LCD_Clear) for PB_LCD_Clear
    multimeter.o(i.current) refers to pb_lcd_drivers.o(i.PB_LCD_GoToXY) for PB_LCD_GoToXY
    multimeter.o(i.current) refers to pb_lcd_drivers.o(i.PB_LCD_WriteString) for PB_LCD_WriteString
    multimeter.o(i.current) refers to multimeter.o(i.delay) for delay
    multimeter.o(i.current) refers to f2d.o(x$fpl$f2d) for __aeabi_f2d
    multimeter.o(i.current) refers to __2snprintf.o(.text) for __2snprintf
    multimeter.o(i.current) refers to multimeter.o(.data) for adc1_conv
    multimeter.o(i.dc_voltage) refers to _printf_percent.o(.ARM.Collect$$_printf_percent$$00000000) for _printf_percent
    multimeter.o(i.dc_voltage) refers to _printf_g.o(.ARM.Collect$$_printf_percent$$00000005) for _printf_g
    multimeter.o(i.dc_voltage) refers to printf1.o(x$fpl$printf1) for _printf_fp_dec
    multimeter.o(i.dc_voltage) refers to pb_lcd_drivers.o(i.PB_LCD_Clear) for PB_LCD_Clear
    multimeter.o(i.dc_voltage) refers to pb_lcd_drivers.o(i.PB_LCD_GoToXY) for PB_LCD_GoToXY
    multimeter.o(i.dc_voltage) refers to pb_lcd_drivers.o(i.PB_LCD_WriteString) for PB_LCD_WriteString
    multimeter.o(i.dc_voltage) refers to multimeter.o(i.delay) for delay
    multimeter.o(i.dc_voltage) refers to f2d.o(x$fpl$f2d) for __aeabi_f2d
    multimeter.o(i.dc_voltage) refers to drleqf.o(x$fpl$drleqf) for __aeabi_cdrcmple
    multimeter.o(i.dc_voltage) refers to dflt_clz.o(x$fpl$dflt) for __aeabi_i2d
    multimeter.o(i.dc_voltage) refers to dleqf.o(x$fpl$dleqf) for __aeabi_cdcmple
    multimeter.o(i.dc_voltage) refers to __2snprintf.o(.text) for __2snprintf
    multimeter.o(i.dc_voltage) refers to multimeter.o(.data) for adc1_conv
    multimeter.o(i.delay) refers to multimeter.o(.data) for sleep_tick_count
    multimeter.o(i.main) refers to system_stm32f4xx.o(i.SystemCoreClockUpdate) for SystemCoreClockUpdate
    multimeter.o(i.main) refers to multimeter.o(i.configPA0) for configPA0
    multimeter.o(i.main) refers to pb_lcd_drivers.o(i.PB_LCD_Init) for PB_LCD_Init
    multimeter.o(i.main) refers to multimeter.o(i.initialise_adc1) for initialise_adc1
    multimeter.o(i.main) refers to multimeter.o(i.initialise_adc2) for initialise_adc2
    multimeter.o(i.main) refers to multimeter.o(i.mux_select_in) for mux_select_in
    multimeter.o(i.main) refers to pb_lcd_drivers.o(i.PB_LCD_GoToXY) for PB_LCD_GoToXY
    multimeter.o(i.main) refers to pb_lcd_drivers.o(i.PB_LCD_Clear) for PB_LCD_Clear
    multimeter.o(i.main) refers to pb_lcd_drivers.o(i.PB_LCD_WriteString) for PB_LCD_WriteString
    multimeter.o(i.main) refers to multimeter.o(i.delay) for delay
    multimeter.o(i.main) refers to multimeter.o(.data) for menu_select_counter
    multimeter.o(i.main) refers to system_stm32f4xx.o(.data) for SystemCoreClock
    multimeter.o(i.menu) refers to multimeter.o(i.dc_voltage) for dc_voltage
    multimeter.o(i.menu) refers to pb_lcd_drivers.o(i.PB_LCD_Clear) for PB_LCD_Clear
    multimeter.o(i.menu) refers to pb_lcd_drivers.o(i.PB_LCD_GoToXY) for PB_LCD_GoToXY
    multimeter.o(i.menu) refers to pb_lcd_drivers.o(i.PB_LCD_WriteString) for PB_LCD_WriteString
    multimeter.o(i.menu) refers to multimeter.o(i.current) for current
    multimeter.o(i.menu) refers to multimeter.o(i.resistance) for resistance
    multimeter.o(i.menu) refers to multimeter.o(.data) for menu_select_counter
    multimeter.o(i.resistance) refers to _printf_percent.o(.ARM.Collect$$_printf_percent$$00000000) for _printf_percent
    multimeter.o(i.resistance) refers to _printf_g.o(.ARM.Collect$$_printf_percent$$00000005) for _printf_g
    multimeter.o(i.resistance) refers to printf1.o(x$fpl$printf1) for _printf_fp_dec
    multimeter.o(i.resistance) refers to pb_lcd_drivers.o(i.PB_LCD_Clear) for PB_LCD_Clear
    multimeter.o(i.resistance) refers to pb_lcd_drivers.o(i.PB_LCD_GoToXY) for PB_LCD_GoToXY
    multimeter.o(i.resistance) refers to pb_lcd_drivers.o(i.PB_LCD_WriteString) for PB_LCD_WriteString
[...]
    rtexit.o(.ARM.exidx) refers to rtexit.o(.ARM.Collect$$rtexit$$00000000) for .ARM.Collect$$rtexit$$00000000
    rt_raise.o(.text) refers to __raise.o(.text) for __raise
    rt_raise.o(.text) refers to sys_exit.o(.text) for _sys_exit
    defsig_exit.o(.text) refers to sys_exit.o(.text) for _sys_exit
    defsig_fpe_inner.o(.text) refers to defsig_general.o(.text) for __default_signal_display
    argv_veneer.o(.emb_text) refers to no_argv.o(.text) for __ARM_get_argv
    sys_exit.o(.text) refers (Special) to use_no_semi.o(.text) for __I$use$semihosting
    sys_exit.o(.text) refers (Special) to indicate_semi.o(.text) for __semihosting_library_function
    rtexit2.o(.ARM.Collect$$rtexit$$00000003) refers to libshutdown.o(.ARM.Collect$$libshutdown$$00000000) for __rt_lib_shutdown
    rtexit2.o(.ARM.Collect$$rtexit$$00000004) refers to sys_exit.o(.text) for _sys_exit
    rtexit2.o(.ARM.exidx) refers to rtexit2.o(.ARM.Collect$$rtexit$$00000001) for .ARM.Collect$$rtexit$$00000001
    rtexit2.o(.ARM.exidx) refers to rtexit2.o(.ARM.Collect$$rtexit$$00000003) for .ARM.Collect$$rtexit$$00000003
    rtexit2.o(.ARM.exidx) refers to rtexit2.o(.ARM.Collect$$rtexit$$00000004) for .ARM.Collect$$rtexit$$00000004
    __raise.o(.text) refers to defsig.o(CL$$defsig) for __default_signal_handler
    defsig_general.o(.text) refers to sys_wrch.o(.text) for _ttywrch
    _get_argv_nomalloc.o(.text) refers (Special) to hrguard.o(.text) for __heap_region$guard
    _get_argv_nomalloc.o(.text) refers to defsig_rtmem_outer.o(.text) for __rt_SIGRTMEM
    _get_argv_nomalloc.o(.text) refers to sys_command.o(.text) for _sys_command_string
    sys_wrch.o(.text) refers (Special) to use_no_semi.o(.text) for __I$use$semihosting
    sys_wrch.o(.text) refers (Special) to indicate_semi.o(.text) for __semihosting_library_function
    sys_command.o(.text) refers (Special) to use_no_semi.o(.text) for __I$use$semihosting
    sys_command.o(.text) refers (Special) to indicate_semi.o(.text) for __semihosting_library_function
    defsig_rtmem_outer.o(.text) refers to defsig_rtmem_inner.o(.text) for __rt_SIGRTMEM_inner
    defsig_rtmem_outer.o(.text) refers to defsig_exit.o(.text) for __sig_exit
    defsig_rtmem_formal.o(.text) refers to rt_raise.o(.text) for __rt_raise
    defsig.o(CL$$defsig) refers to defsig_fpe_inner.o(.text) for __rt_SIGFPE_inner
    defsig.o(CL$$defsig) refers to defsig_rtmem_inner.o(.text) for __rt_SIGRTMEM_inner
    libshutdown.o(.ARM.Collect$$libshutdown$$00000000) refers (Special) to libshutdown2.o(.ARM.Collect$$libshutdown$$00000004) for __rt_lib_shutdown_cpp_1
    libshutdown.o(.ARM.Collect$$libshutdown$$00000000) refers (Special) to libshutdown2.o(.ARM.Collect$$libshutdown$$00000002) for __rt_lib_shutdown_fini_1
    libshutdown.o(.ARM.Collect$$libshutdown$$00000000) refers (Special) to libshutdown2.o(.ARM.Collect$$libshutdown$$00000009) for __rt_lib_shutdown_fp_trap_1
    libshutdown.o(.ARM.Collect$$libshutdown$$00000000) refers (Special) to libshutdown2.o(.ARM.Collect$$libshutdown$$00000011) for __rt_lib_shutdown_heap_1
    libshutdown.o(.ARM.Collect$$libshutdown$$00000000) refers (Special) to libshutdown2.o(.ARM.Collect$$libshutdown$$00000012) for __rt_lib_shutdown_return
    libshutdown.o(.ARM.Collect$$libshutdown$$00000000) refers (Special) to libshutdown2.o(.ARM.Collect$$libshutdown$$0000000C) for __rt_lib_shutdown_signal_1
    libshutdown.o(.ARM.Collect$$libshutdown$$00000000) refers (Special) to libshutdown2.o(.ARM.Collect$$libshutdown$$00000006) for __rt_lib_shutdown_stdio_1
    libshutdown.o(.ARM.Collect$$libshutdown$$00000000) refers (Special) to libshutdown2.o(.ARM.Collect$$libshutdown$$0000000E) for __rt_lib_shutdown_user_alloc_1
    defsig_abrt_inner.o(.text) refers to defsig_general.o(.text) for __default_signal_display
    defsig_rtred_inner.o(.text) refers to defsig_general.o(.text) for __default_signal_display
    defsig_rtmem_inner.o(.text) refers to defsig_general.o(.text) for __default_signal_display
    defsig_stak_inner.o(.text) refers to defsig_general.o(.text) for __default_signal_display
    defsig_pvfn_inner.o(.text) refers to defsig_general.o(.text) for __default_signal_display
    defsig_cppl_inner.o(.text) refers to defsig_general.o(.text) for __default_signal_display
    defsig_segv_inner.o(.text) refers to defsig_general.o(.text) for __default_signal_display
    defsig_other.o(.text) refers to defsig_general.o(.text) for __default_signal_display


==============================================================================

Removing Unused input sections from the image.

    Removing multimeter.o(.rev16_text), (4 bytes).
    Removing multimeter.o(.revsh_text), (4 bytes).
    Removing multimeter.o(.rrx_text), (6 bytes).
    Removing multimeter.o(i.ac_voltage), (124 bytes).
    Removing multimeter.o(i.timer_counter_setup), (120 bytes).
    Removing multimeter.o(.constdata), (12 bytes).
    Removing pb_lcd_drivers.o(.rev16_text), (4 bytes).
    Removing pb_lcd_drivers.o(.revsh_text), (4 bytes).
    Removing pb_lcd_drivers.o(.rrx_text), (6 bytes).
    Removing pb_lcd_drivers.o(i.PB_LCD_WriteChar), (24 bytes).
    Removing led_f4discovery.o(.rev16_text), (4 bytes).
    Removing led_f4discovery.o(.revsh_text), (4 bytes).
    Removing led_f4discovery.o(.rrx_text), (6 bytes).
    Removing led_f4discovery.o(i.LED_GetCount), (4 bytes).
    Removing led_f4discovery.o(i.LED_Initialize), (76 bytes).
    Removing led_f4discovery.o(i.LED_Off), (44 bytes).
    Removing led_f4discovery.o(i.LED_On), (44 bytes).
    Removing led_f4discovery.o(i.LED_SetOut), (40 bytes).
    Removing led_f4discovery.o(i.LED_Uninitialize), (20 bytes).
    Removing led_f4discovery.o(.constdata), (32 bytes).
    Removing stm32f4xx_hal.o(.rev16_text), (4 bytes).
    Removing stm32f4xx_hal.o(.revsh_text), (4 bytes).
    Removing stm32f4xx_hal.o(.rrx_text), (6 bytes).
    Removing stm32f4xx_hal.o(i.HAL_DBGMCU_DisableDBGSleepMode), (20 bytes).
    Removing stm32f4xx_hal.o(i.HAL_DBGMCU_DisableDBGStandbyMode), (20 bytes).
    Removing stm32f4xx_hal.o(i.HAL_DBGMCU_DisableDBGStopMode), (20 bytes).
    Removing stm32f4xx_hal.o(i.HAL_DBGMCU_EnableDBGSleepMode), (20 bytes).
    Removing stm32f4xx_hal.o(i.HAL_DBGMCU_EnableDBGStandbyMode), (20 bytes).
    Removing stm32f4xx_hal.o(i.HAL_DBGMCU_EnableDBGStopMode), (20 bytes).
    Removing stm32f4xx_hal.o(i.HAL_DeInit), (68 bytes).
    Removing stm32f4xx_hal.o(i.HAL_Delay), (40 bytes).
    Removing stm32f4xx_hal.o(i.HAL_DisableCompensationCell), (12 bytes).
    Removing stm32f4xx_hal.o(i.HAL_EnableCompensationCell), (12 bytes).
    Removing stm32f4xx_hal.o(i.HAL_GetDEVID), (16 bytes).
    Removing stm32f4xx_hal.o(i.HAL_GetHalVersion), (8 bytes).
    Removing stm32f4xx_hal.o(i.HAL_GetREVID), (12 bytes).
    Removing stm32f4xx_hal.o(i.HAL_GetTick), (12 bytes).
    Removing stm32f4xx_hal.o(i.HAL_GetTickFreq), (12 bytes).
    Removing stm32f4xx_hal.o(i.HAL_GetTickPrio), (12 bytes).
    Removing stm32f4xx_hal.o(i.HAL_GetUIDw0), (12 bytes).
    Removing stm32f4xx_hal.o(i.HAL_GetUIDw1), (12 bytes).
    Removing stm32f4xx_hal.o(i.HAL_GetUIDw2), (12 bytes).
    Removing stm32f4xx_hal.o(i.HAL_IncTick), (24 bytes).
    Removing stm32f4xx_hal.o(i.HAL_Init), (48 bytes).
    Removing stm32f4xx_hal.o(i.HAL_InitTick), (76 bytes).
    Removing stm32f4xx_hal.o(i.HAL_MspDeInit), (2 bytes).
    Removing stm32f4xx_hal.o(i.HAL_MspInit), (2 bytes).
    Removing stm32f4xx_hal.o(i.HAL_ResumeTick), (18 bytes).
    Removing stm32f4xx_hal.o(i.HAL_SetTickFreq), (48 bytes).
    Removing stm32f4xx_hal.o(i.HAL_SuspendTick), (18 bytes).
    Removing stm32f4xx_hal.o(.data), (9 bytes).
    Removing stm32f4xx_hal_cortex.o(.rev16_text), (4 bytes).
    Removing stm32f4xx_hal_cortex.o(.revsh_text), (4 bytes).
    Removing stm32f4xx_hal_cortex.o(.rrx_text), (6 bytes).
    Removing stm32f4xx_hal_cortex.o(i.HAL_MPU_ConfigRegion), (92 bytes).
    Removing stm32f4xx_hal_cortex.o(i.HAL_MPU_Disable), (32 bytes).
    Removing stm32f4xx_hal_cortex.o(i.HAL_MPU_Enable), (40 bytes).
    Removing stm32f4xx_hal_cortex.o(i.HAL_NVIC_ClearPendingIRQ), (36 bytes).
    Removing stm32f4xx_hal_cortex.o(i.HAL_NVIC_DisableIRQ), (44 bytes).
    Removing stm32f4xx_hal_cortex.o(i.HAL_NVIC_EnableIRQ), (40 bytes).
    Removing stm32f4xx_hal_cortex.o(i.HAL_NVIC_GetActive), (48 bytes).
    Removing stm32f4xx_hal_cortex.o(i.HAL_NVIC_GetPendingIRQ), (48 bytes).
    Removing stm32f4xx_hal_cortex.o(i.HAL_NVIC_GetPriority), (148 bytes).
    Removing stm32f4xx_hal_cortex.o(i.HAL_NVIC_GetPriorityGrouping), (8 bytes).
    Removing stm32f4xx_hal_cortex.o(i.HAL_NVIC_SetPendingIRQ), (36 bytes).
    Removing stm32f4xx_hal_cortex.o(i.HAL_NVIC_SetPriority), (124 bytes).
    Removing stm32f4xx_hal_cortex.o(i.HAL_NVIC_SetPriorityGrouping), (40 bytes).
    Removing stm32f4xx_hal_cortex.o(i.HAL_NVIC_SystemReset), (44 bytes).
    Removing stm32f4xx_hal_cortex.o(i.HAL_SYSTICK_CLKSourceConfig), (40 bytes).
    Removing stm32f4xx_hal_cortex.o(i.HAL_SYSTICK_Callback), (2 bytes).
    Removing stm32f4xx_hal_cortex.o(i.HAL_SYSTICK_Config), (52 bytes).
    Removing stm32f4xx_hal_cortex.o(i.HAL_SYSTICK_IRQHandler), (8 bytes).
    Removing stm32f4xx_hal_cortex.o(i.__NVIC_GetPriorityGrouping), (16 bytes).
    Removing stm32f4xx_hal_cortex.o(i.__NVIC_SetPriority), (40 bytes).
    Removing stm32f4xx_hal_gpio.o(.rev16_text), (4 bytes).
    Removing stm32f4xx_hal_gpio.o(.revsh_text), (4 bytes).
    Removing stm32f4xx_hal_gpio.o(.rrx_text), (6 bytes).
    Removing stm32f4xx_hal_gpio.o(i.HAL_GPIO_DeInit), (356 bytes).
    Removing stm32f4xx_hal_gpio.o(i.HAL_GPIO_EXTI_Callback), (2 bytes).
    Removing stm32f4xx_hal_gpio.o(i.HAL_GPIO_EXTI_IRQHandler), (28 bytes).
    Removing stm32f4xx_hal_gpio.o(i.HAL_GPIO_Init), (512 bytes).
    Removing stm32f4xx_hal_gpio.o(i.HAL_GPIO_LockPin), (46 bytes).
    Removing stm32f4xx_hal_gpio.o(i.HAL_GPIO_ReadPin), (16 bytes).
    Removing stm32f4xx_hal_gpio.o(i.HAL_GPIO_TogglePin), (18 bytes).
    Removing stm32f4xx_hal_gpio.o(i.HAL_GPIO_WritePin), (12 bytes).
    Removing stm32f4xx_hal_pwr.o(.rev16_text), (4 bytes).
    Removing stm32f4xx_hal_pwr.o(.revsh_text), (4 bytes).
    Removing stm32f4xx_hal_pwr.o(.rrx_text), (6 bytes).
    Removing stm32f4xx_hal_pwr.o(i.HAL_PWR_ConfigPVD), (180 bytes).
    Removing stm32f4xx_hal_pwr.o(i.HAL_PWR_DeInit), (28 bytes).
    Removing stm32f4xx_hal_pwr.o(i.HAL_PWR_DisableBkUpAccess), (12 bytes).
    Removing stm32f4xx_hal_pwr.o(i.HAL_PWR_DisablePVD), (12 bytes).
    Removing stm32f4xx_hal_pwr.o(i.HAL_PWR_DisableSEVOnPend), (20 bytes).
    Removing stm32f4xx_hal_pwr.o(i.HAL_PWR_DisableSleepOnExit), (20 bytes).
    Removing stm32f4xx_hal_pwr.o(i.HAL_PWR_DisableWakeUpPin), (16 bytes).
    Removing stm32f4xx_hal_pwr.o(i.HAL_PWR_EnableBkUpAccess), (12 bytes).
    Removing stm32f4xx_hal_pwr.o(i.HAL_PWR_EnablePVD), (12 bytes).
    Removing stm32f4xx_hal_pwr.o(i.HAL_PWR_EnableSEVOnPend), (20 bytes).
    Removing stm32f4xx_hal_pwr.o(i.HAL_PWR_EnableSleepOnExit), (20 bytes).
    Removing stm32f4xx_hal_pwr.o(i.HAL_PWR_EnableWakeUpPin), (16 bytes).
    Removing stm32f4xx_hal_pwr.o(i.HAL_PWR_EnterSLEEPMode), (32 bytes).
    Removing stm32f4xx_hal_pwr.o(i.HAL_PWR_EnterSTANDBYMode), (40 bytes).
    Removing stm32f4xx_hal_pwr.o(i.HAL_PWR_EnterSTOPMode), (64 bytes).
    Removing stm32f4xx_hal_pwr.o(i.HAL_PWR_PVDCallback), (2 bytes).
    Removing stm32f4xx_hal_pwr.o(i.HAL_PWR_PVD_IRQHandler), (32 bytes).
    Removing stm32f4xx_hal_pwr_ex.o(.rev16_text), (4 bytes).
    Removing stm32f4xx_hal_pwr_ex.o(.revsh_text), (4 bytes).
    Removing stm32f4xx_hal_pwr_ex.o(.rrx_text), (6 bytes).
    Removing stm32f4xx_hal_pwr_ex.o(i.HAL_PWREx_ControlVoltageScaling), (120 bytes).
    Removing stm32f4xx_hal_pwr_ex.o(i.HAL_PWREx_DisableBkUpReg), (60 bytes).
    Removing stm32f4xx_hal_pwr_ex.o(i.HAL_PWREx_DisableFlashPowerDown), (12 bytes).
    Removing stm32f4xx_hal_pwr_ex.o(i.HAL_PWREx_EnableBkUpReg), (60 bytes).
    Removing stm32f4xx_hal_pwr_ex.o(i.HAL_PWREx_EnableFlashPowerDown), (12 bytes).
    Removing stm32f4xx_hal_pwr_ex.o(i.HAL_PWREx_GetVoltageRange), (16 bytes).
    Removing stm32f4xx_hal_rcc.o(.rev16_text), (4 bytes).
    Removing stm32f4xx_hal_rcc.o(.revsh_text), (4 bytes).
    Removing stm32f4xx_hal_rcc.o(.rrx_text), (6 bytes).
    Removing stm32f4xx_hal_rcc.o(i.HAL_RCC_CSSCallback), (2 bytes).
    Removing stm32f4xx_hal_rcc.o(i.HAL_RCC_ClockConfig), (388 bytes).
    Removing stm32f4xx_hal_rcc.o(i.HAL_RCC_DeInit), (4 bytes).
    Removing stm32f4xx_hal_rcc.o(i.HAL_RCC_DisableCSS), (12 bytes).
    Removing stm32f4xx_hal_rcc.o(i.HAL_RCC_EnableCSS), (12 bytes).
    Removing stm32f4xx_hal_rcc.o(i.HAL_RCC_GetClockConfig), (68 bytes).
    Removing stm32f4xx_hal_rcc.o(i.HAL_RCC_GetHCLKFreq), (12 bytes).
    Removing stm32f4xx_hal_rcc.o(i.HAL_RCC_GetOscConfig), (244 bytes).
    Removing stm32f4xx_hal_rcc.o(i.HAL_RCC_GetPCLK1Freq), (32 bytes).
    Removing stm32f4xx_hal_rcc.o(i.HAL_RCC_GetPCLK2Freq), (32 bytes).
    Removing stm32f4xx_hal_rcc.o(i.HAL_RCC_GetSysClockFreq), (176 bytes).
    Removing stm32f4xx_hal_rcc.o(i.HAL_RCC_MCOConfig), (192 bytes).
    Removing stm32f4xx_hal_rcc.o(i.HAL_RCC_NMI_IRQHandler), (32 bytes).
    Removing stm32f4xx_hal_rcc.o(i.HAL_RCC_OscConfig), (1160 bytes).
    Removing stm32f4xx_hal_rcc_ex.o(.rev16_text), (4 bytes).
    Removing stm32f4xx_hal_rcc_ex.o(.revsh_text), (4 bytes).
    Removing stm32f4xx_hal_rcc_ex.o(.rrx_text), (6 bytes).
    Removing stm32f4xx_hal_rcc_ex.o(i.HAL_RCCEx_DisablePLLI2S), (56 bytes).
    Removing stm32f4xx_hal_rcc_ex.o(i.HAL_RCCEx_EnablePLLI2S), (112 bytes).
    Removing stm32f4xx_hal_rcc_ex.o(i.HAL_RCCEx_GetPeriphCLKConfig), (56 bytes).
    Removing stm32f4xx_hal_rcc_ex.o(i.HAL_RCCEx_GetPeriphCLKFreq), (144 bytes).
    Removing stm32f4xx_hal_rcc_ex.o(i.HAL_RCCEx_PeriphCLKConfig), (416 bytes).
    Removing stm32f4xx_hal_rcc_ex.o(i.HAL_RCC_DeInit), (384 bytes).
    Removing system_stm32f4xx.o(.rev16_text), (4 bytes).
    Removing system_stm32f4xx.o(.revsh_text), (4 bytes).
    Removing system_stm32f4xx.o(.rrx_text), (6 bytes).

143 unused section(s) (total 7579 bytes) removed from the image.

==============================================================================

Image Symbol Table

    Local Symbols

    Symbol Name                              Value     Ov Type        Size  Object(Section)

    ../clib/angel/boardlib.s                 0x00000000   Number         0  boardinit3.o ABSOLUTE
    ../clib/angel/boardlib.s                 0x00000000   Number         0  boardinit2.o ABSOLUTE
    ../clib/angel/boardlib.s                 0x00000000   Number         0  boardinit1.o ABSOLUTE
    ../clib/angel/boardlib.s                 0x00000000   Number         0  boardshut.o ABSOLUTE
    ../clib/angel/handlers.s                 0x00000000   Number         0  __scatter_copy.o ABSOLUTE
    ../clib/angel/handlers.s                 0x00000000   Number         0  __scatter_zi.o ABSOLUTE
    ../clib/angel/kernel.s                   0x00000000   Number         0  __rtentry4.o ABSOLUTE
    ../clib/angel/kernel.s                   0x00000000   Number         0  rtexit2.o ABSOLUTE
    ../clib/angel/kernel.s                   0x00000000   Number         0  __rtentry.o ABSOLUTE
    ../clib/angel/kernel.s                   0x00000000   Number         0  rtexit.o ABSOLUTE
    ../clib/angel/kernel.s                   0x00000000   Number         0  __rtentry2.o ABSOLUTE
    ../clib/angel/rt.s                       0x00000000   Number         0  rt_locale_intlibspace.o ABSOLUTE
    ../clib/angel/rt.s                       0x00000000   Number         0  aeabi_ldiv0_sigfpe.o ABSOLUTE
    ../clib/angel/rt.s                       0x00000000   Number         0  rt_locale.o ABSOLUTE
    ../clib/angel/rt.s                       0x00000000   Number         0  aeabi_ldiv0.o ABSOLUTE
    ../clib/angel/rt.s                       0x00000000   Number         0  rt_raise.o ABSOLUTE
    ../clib/angel/rt.s                       0x00000000   Number         0  rt_div0.o ABSOLUTE
    ../clib/angel/scatter.s                  0x00000000   Number         0  __scatter.o ABSOLUTE
    ../clib/angel/startup.s                  0x00000000   Number         0  __main.o ABSOLUTE
    ../clib/angel/sys.s                      0x00000000   Number         0  indicate_semi.o ABSOLUTE
    ../clib/angel/sys.s                      0x00000000   Number         0  sys_stackheap_outer.o ABSOLUTE
    ../clib/angel/sys.s                      0x00000000   Number         0  libspace.o ABSOLUTE
    ../clib/angel/sys.s                      0x00000000   Number         0  use_no_semi.o ABSOLUTE
    ../clib/angel/sysapp.c                   0x00000000   Number         0  sys_command.o ABSOLUTE
    ../clib/angel/sysapp.c                   0x00000000   Number         0  sys_wrch.o ABSOLUTE
    ../clib/angel/sysapp.c                   0x00000000   Number         0  sys_exit.o ABSOLUTE
    ../clib/armsys.c                         0x00000000   Number         0  _get_argv_nomalloc.o ABSOLUTE
    ../clib/armsys.c                         0x00000000   Number         0  no_argv.o ABSOLUTE
    ../clib/armsys.c                         0x00000000   Number         0  argv_veneer.o ABSOLUTE
    ../clib/armsys.c                         0x00000000   Number         0  argv_veneer.o ABSOLUTE
    ../clib/bigflt.c                         0x00000000   Number         0  bigflt0.o ABSOLUTE
    ../clib/btod.s                           0x00000000   Number         0  btod.o ABSOLUTE
    ../clib/heapalloc.c                      0x00000000   Number         0  hrguard.o ABSOLUTE
    ../clib/heapaux.c                        0x00000000   Number         0  heapauxi.o ABSOLUTE
    ../clib/libinit.s                        0x00000000   Number         0  libshutdown.o ABSOLUTE
    ../clib/libinit.s                        0x00000000   Number         0  libinit2.o ABSOLUTE
    ../clib/libinit.s                        0x00000000   Number         0  libshutdown2.o ABSOLUTE
    ../clib/libinit.s                        0x00000000   Number         0  libinit.o ABSOLUTE
    ../clib/locale.s                         0x00000000   Number         0  lc_numeric_c.o ABSOLUTE
    ../clib/longlong.s                       0x00000000   Number         0  lludiv10.o ABSOLUTE
    ../clib/longlong.s                       0x00000000   Number         0  lludivv7m.o ABSOLUTE
    ../clib/memcpset.s                       0x00000000   Number         0  strcmpv7m.o ABSOLUTE
    ../clib/misc.s                           0x00000000   Number         0  printf_stubs.o ABSOLUTE
    ../clib/printf.c                         0x00000000   Number         0  __printf_flags_ss.o ABSOLUTE
    ../clib/printf.c                         0x00000000   Number         0  _printf_char_common.o ABSOLUTE
    ../clib/printf.c                         0x00000000   Number         0  _sputc.o ABSOLUTE
    ../clib/printf.c                         0x00000000   Number         0  _snputc.o ABSOLUTE
    ../clib/printf.c                         0x00000000   Number         0  __printf_flags_ss_wp.o ABSOLUTE
    ../clib/printf.c                         0x00000000   Number         0  _printf_fp_dec.o ABSOLUTE
    ../clib/printf.c                         0x00000000   Number         0  __printf_nopercent.o ABSOLUTE
    ../clib/printf.c                         0x00000000   Number         0  _printf_fp_infnan.o ABSOLUTE
    ../clib/printf.c                         0x00000000   Number         0  __printf.o ABSOLUTE
    ../clib/printf.c                         0x00000000   Number         0  __2snprintf.o ABSOLUTE
    ../clib/printf.c                         0x00000000   Number         0  noretval__2snprintf.o ABSOLUTE
    ../clib/printf.c                         0x00000000   Number         0  __printf_flags.o ABSOLUTE
    ../clib/printf.c                         0x00000000   Number         0  __printf_ss.o ABSOLUTE
    ../clib/printf.c                         0x00000000   Number         0  __printf_wp.o ABSOLUTE
    ../clib/printf.c                         0x00000000   Number         0  __printf_flags_wp.o ABSOLUTE
    ../clib/printf.c                         0x00000000   Number         0  __printf_ss_wp.o ABSOLUTE
    ../clib/printf_percent.s                 0x00000000   Number         0  _printf_percent.o ABSOLUTE
    ../clib/printf_percent.s                 0x00000000   Number         0  _printf_percent_end.o ABSOLUTE
    ../clib/printf_percent.s                 0x00000000   Number         0  _printf_g.o ABSOLUTE
    ../clib/signal.c                         0x00000000   Number         0  defsig_fpe_formal.o ABSOLUTE
    ../clib/signal.c                         0x00000000   Number         0  defsig_segv_inner.o ABSOLUTE
    ../clib/signal.c                         0x00000000   Number         0  defsig_abrt_inner.o ABSOLUTE
    ../clib/signal.c                         0x00000000   Number         0  defsig_rtmem_inner.o ABSOLUTE
    ../clib/signal.c                         0x00000000   Number         0  defsig_stak_inner.o ABSOLUTE
    ../clib/signal.c                         0x00000000   Number         0  defsig_pvfn_inner.o ABSOLUTE
    ../clib/signal.c                         0x00000000   Number         0  defsig_other.o ABSOLUTE
    ../clib/signal.c                         0x00000000   Number         0  defsig_fpe_outer.o ABSOLUTE
    ../clib/signal.c                         0x00000000   Number         0  defsig_rtred_inner.o ABSOLUTE
    ../clib/signal.c                         0x00000000   Number         0  __raise.o ABSOLUTE
    ../clib/signal.c                         0x00000000   Number         0  defsig_rtmem_formal.o ABSOLUTE
    ../clib/signal.c                         0x00000000   Number         0  defsig_rtmem_outer.o ABSOLUTE
    ../clib/signal.c                         0x00000000   Number         0  defsig_cppl_inner.o ABSOLUTE
    ../clib/signal.c                         0x00000000   Number         0  defsig_fpe_inner.o ABSOLUTE
    ../clib/signal.c                         0x00000000   Number         0  defsig_general.o ABSOLUTE
    ../clib/signal.c                         0x00000000   Number         0  defsig_exit.o ABSOLUTE
    ../clib/signal.s                         0x00000000   Number         0  defsig.o ABSOLUTE
    ../clib/stdlib.c                         0x00000000   Number         0  exit.o ABSOLUTE
    ../fplib/dcmpi.s                         0x00000000   Number         0  dcmpi.o ABSOLUTE
    ../fplib/dflt.s                          0x00000000   Number         0  dflt_clz.o ABSOLUTE
    ../fplib/dleqf.s                         0x00000000   Number         0  dleqf.o ABSOLUTE
    ../fplib/dnaninf.s                       0x00000000   Number         0  dnaninf.o ABSOLUTE
    ../fplib/dretinf.s                       0x00000000   Number         0  dretinf.o ABSOLUTE
    ../fplib/drleqf.s                        0x00000000   Number         0  drleqf.o ABSOLUTE
    ../fplib/f2d.s                           0x00000000   Number         0  f2d.o ABSOLUTE
    ../fplib/fnaninf.s                       0x00000000   Number         0  fnaninf.o ABSOLUTE
    ../fplib/fpinit.s                        0x00000000   Number         0  fpinit.o ABSOLUTE
    ../fplib/istatus.s                       0x00000000   Number         0  istatus.o ABSOLUTE
    ../fplib/printf1.s                       0x00000000   Number         0  printf1.o ABSOLUTE
    ../fplib/usenofp.s                       0x00000000   Number         0  usenofp.o ABSOLUTE
    ../mathlib/fpclassify.c                  0x00000000   Number         0  fpclassify.o ABSOLUTE
    C:\KEIL_V5\ARM\PACK\Keil\STM32F4xx_DFP\2.15.0\Drivers\STM32F4xx_HAL_Driver\Src\stm32f4xx_hal.c 0x00000000   Number         0  stm32f4xx_hal.o ABSOLUTE
    C:\KEIL_V5\ARM\PACK\Keil\STM32F4xx_DFP\2.15.0\Drivers\STM32F4xx_HAL_Driver\Src\stm32f4xx_hal_cortex.c 0x00000000   Number         0  stm32f4xx_hal_cortex.o ABSOLUTE
    C:\KEIL_V5\ARM\PACK\Keil\STM32F4xx_DFP\2.15.0\Drivers\STM32F4xx_HAL_Driver\Src\stm32f4xx_hal_gpio.c 0x00000000   Number         0  stm32f4xx_hal_gpio.o ABSOLUTE
    C:\KEIL_V5\ARM\PACK\Keil\STM32F4xx_DFP\2.15.0\Drivers\STM32F4xx_HAL_Driver\Src\stm32f4xx_hal_pwr.c 0x00000000   Number         0  stm32f4xx_hal_pwr.o ABSOLUTE
    C:\KEIL_V5\ARM\PACK\Keil\STM32F4xx_DFP\2.15.0\Drivers\STM32F4xx_HAL_Driver\Src\stm32f4xx_hal_pwr_ex.c 0x00000000   Number         0  stm32f4xx_hal_pwr_ex.o ABSOLUTE
    C:\KEIL_V5\ARM\PACK\Keil\STM32F4xx_DFP\2.15.0\Drivers\STM32F4xx_HAL_Driver\Src\stm32f4xx_hal_rcc.c 0x00000000   Number         0  stm32f4xx_hal_rcc.o ABSOLUTE
    C:\KEIL_V5\ARM\PACK\Keil\STM32F4xx_DFP\2.15.0\Drivers\STM32F4xx_HAL_Driver\Src\stm32f4xx_hal_rcc_ex.c 0x00000000   Number         0  stm32f4xx_hal_rcc_ex.o ABSOLUTE
    C:\KEIL_V5\ARM\PACK\Keil\STM32F4xx_DFP\2.15.0\MDK\Boards\ST\STM32F4-Discovery\Common\LED_F4Discovery.c 0x00000000   Number         0  led_f4discovery.o ABSOLUTE
    C:\\KEIL_V5\\ARM\\PACK\\Keil\\STM32F4xx_DFP\\2.15.0\\Drivers\\STM32F4xx_HAL_Driver\\Src\\stm32f4xx_hal.c 0x00000000   Number         0  stm32f4xx_hal.o ABSOLUTE
    C:\\KEIL_V5\\ARM\\PACK\\Keil\\STM32F4xx_DFP\\2.15.0\\Drivers\\STM32F4xx_HAL_Driver\\Src\\stm32f4xx_hal_cortex.c 0x00000000   Number         0  stm32f4xx_hal_cortex.o ABSOLUTE
    C:\\KEIL_V5\\ARM\\PACK\\Keil\\STM32F4xx_DFP\\2.15.0\\Drivers\\STM32F4xx_HAL_Driver\\Src\\stm32f4xx_hal_gpio.c 0x00000000   Number         0  stm32f4xx_hal_gpio.o ABSOLUTE
    C:\\KEIL_V5\\ARM\\PACK\\Keil\\STM32F4xx_DFP\\2.15.0\\Drivers\\STM32F4xx_HAL_Driver\\Src\\stm32f4xx_hal_pwr.c 0x00000000   Number         0  stm32f4xx_hal_pwr.o ABSOLUTE
    C:\\KEIL_V5\\ARM\\PACK\\Keil\\STM32F4xx_DFP\\2.15.0\\Drivers\\STM32F4xx_HAL_Driver\\Src\\stm32f4xx_hal_pwr_ex.c 0x00000000   Number         0  stm32f4xx_hal_pwr_ex.o ABSOLUTE
    C:\\KEIL_V5\\ARM\\PACK\\Keil\\STM32F4xx_DFP\\2.15.0\\Drivers\\STM32F4xx_HAL_Driver\\Src\\stm32f4xx_hal_rcc.c 0x00000000   Number         0  stm32f4xx_hal_rcc.o ABSOLUTE
    C:\\KEIL_V5\\ARM\\PACK\\Keil\\STM32F4xx_DFP\\2.15.0\\Drivers\\STM32F4xx_HAL_Driver\\Src\\stm32f4xx_hal_rcc_ex.c 0x00000000   Number         0  stm32f4xx_hal_rcc_ex.o ABSOLUTE
    C:\\KEIL_V5\\ARM\\PACK\\Keil\\STM32F4xx_DFP\\2.15.0\\MDK\\Boards\\ST\\STM32F4-Discovery\\Common\\LED_F4Discovery.c 0x00000000   Number         0  led_f4discovery.o ABSOLUTE
    Multimeter.c                             0x00000000   Number         0  multimeter.o ABSOLUTE
    Multimeter.c                             0x00000000   Number         0  multimeter.o ABSOLUTE
    PB_LCD_Drivers.c                         0x00000000   Number         0  pb_lcd_drivers.o ABSOLUTE
    PB_LCD_Drivers.c                         0x00000000   Number         0  pb_lcd_drivers.o ABSOLUTE
    RTE\Device\STM32F407VGTx\startup_stm32f407xx.s 0x00000000   Number         0  startup_stm32f407xx.o ABSOLUTE
    RTE\Device\STM32F407VGTx\system_stm32f4xx.c 0x00000000   Number         0  system_stm32f4xx.o ABSOLUTE
    RTE\\Device\\STM32F407VGTx\\system_stm32f4xx.c 0x00000000   Number         0  system_stm32f4xx.o ABSOLUTE
    dc.s                                     0x00000000   Number         0  dc.o ABSOLUTE
    RESET                                    0x08000000   Section      392  startup_stm32f407xx.o(RESET)
    !!!main                                  0x08000188   Section        8  __main.o(!!!main)
    !!!scatter                               0x08000190   Section       52  __scatter.o(!!!scatter)
    !!handler_copy                           0x080001c4   Section       26  __scatter_copy.o(!!handler_copy)
    !!handler_zi                             0x080001e0   Section       28  __scatter_zi.o(!!handler_zi)
    .ARM.Collect$$_printf_percent$$00000000  0x080001fc   Section        0  _printf_percent.o(.ARM.Collect$$_printf_percent$$00000000)
    .ARM.Collect$$_printf_percent$$00000005  0x080001fc   Section        6  _printf_g.o(.ARM.Collect$$_printf_percent$$00000005)
    .ARM.Collect$$_printf_percent$$00000017  0x08000202   Section        4  _printf_percent_end.o(.ARM.Collect$$_printf_percent$$00000017)
    .ARM.Collect$$libinit$$00000000          0x08000206   Section        2  libinit.o(.ARM.Collect$$libinit$$00000000)
    .ARM.Collect$$libinit$$00000001          0x08000208   Section        4  libinit2.o(.ARM.Collect$$libinit$$00000001)
    .ARM.Collect$$libinit$$00000004          0x0800020c   Section        0  libinit2.o(.ARM.Collect$$libinit$$00000004)
    .ARM.Collect$$libinit$$0000000A          0x0800020c   Section        0  libinit2.o(.ARM.Collect$$libinit$$0000000A)
    .ARM.Collect$$libinit$$0000000C          0x0800020c   Section        0  libinit2.o(.ARM.Collect$$libinit$$0000000C)
    .ARM.Collect$$libinit$$0000000E          0x0800020c   Section        0  libinit2.o(.ARM.Collect$$libinit$$0000000E)
    .ARM.Collect$$libinit$$0000000F          0x0800020c   Section        6  libinit2.o(.ARM.Collect$$libinit$$0000000F)
    .ARM.Collect$$libinit$$00000011          0x08000212   Section        0  libinit2.o(.ARM.Collect$$libinit$$00000011)
    .ARM.Collect$$libinit$$00000013          0x08000212   Section        0  libinit2.o(.ARM.Collect$$libinit$$00000013)
    .ARM.Collect$$libinit$$00000015          0x08000212   Section        0  libinit2.o(.ARM.Collect$$libinit$$00000015)
    .ARM.Collect$$libinit$$00000016          0x08000212   Section       10  libinit2.o(.ARM.Collect$$libinit$$00000016)
    .ARM.Collect$$libinit$$00000017          0x0800021c   Section        0  libinit2.o(.ARM.Collect$$libinit$$00000017)
    .ARM.Collect$$libinit$$00000019          0x0800021c   Section        0  libinit2.o(.ARM.Collect$$libinit$$00000019)
    .ARM.Collect$$libinit$$0000001B          0x0800021c   Section        0  libinit2.o(.ARM.Collect$$libinit$$0000001B)
    .ARM.Collect$$libinit$$0000001D          0x0800021c   Section        0  libinit2.o(.ARM.Collect$$libinit$$0000001D)
    .ARM.Collect$$libinit$$0000001F          0x0800021c   Section        0  libinit2.o(.ARM.Collect$$libinit$$0000001F)
    .ARM.Collect$$libinit$$00000021          0x0800021c   Section        0  libinit2.o(.ARM.Collect$$libinit$$00000021)
    .ARM.Collect$$libinit$$00000023          0x0800021c   Section        0  libinit2.o(.ARM.Collect$$libinit$$00000023)
    .ARM.Collect$$libinit$$00000025          0x0800021c   Section        0  libinit2.o(.ARM.Collect$$libinit$$00000025)
    .ARM.Collect$$libinit$$0000002C          0x0800021c   Section        0  libinit2.o(.ARM.Collect$$libinit$$0000002C)
    .ARM.Collect$$libinit$$0000002E          0x0800021c   Section        0  libinit2.o(.ARM.Collect$$libinit$$0000002E)
    .ARM.Collect$$libinit$$00000030          0x0800021c   Section        0  libinit2.o(.ARM.Collect$$libinit$$00000030)
    .ARM.Collect$$libinit$$00000032          0x0800021c   Section        0  libinit2.o(.ARM.Collect$$libinit$$00000032)
    .ARM.Collect$$libinit$$00000033          0x0800021c   Section        2  libinit2.o(.ARM.Collect$$libinit$$00000033)
    .ARM.Collect$$libshutdown$$00000000      0x0800021e   Section        2  libshutdown.o(.ARM.Collect$$libshutdown$$00000000)
    .ARM.Collect$$libshutdown$$00000002      0x08000220   Section        0  libshutdown2.o(.ARM.Collect$$libshutdown$$00000002)
    .ARM.Collect$$libshutdown$$00000004      0x08000220   Section        0  libshutdown2.o(.ARM.Collect$$libshutdown$$00000004)
    .ARM.Collect$$libshutdown$$00000006      0x08000220   Section        0  libshutdown2.o(.ARM.Collect$$libshutdown$$00000006)
    .ARM.Collect$$libshutdown$$00000009      0x08000220   Section        0  libshutdown2.o(.ARM.Collect$$libshutdown$$00000009)
    .ARM.Collect$$libshutdown$$0000000C      0x08000220   Section        0  libshutdown2.o(.ARM.Collect$$libshutdown$$0000000C)
    .ARM.Collect$$libshutdown$$0000000E      0x08000220   Section        0  libshutdown2.o(.ARM.Collect$$libshutdown$$0000000E)
    .ARM.Collect$$libshutdown$$00000011      0x08000220   Section        0  libshutdown2.o(.ARM.Collect$$libshutdown$$00000011)
    .ARM.Collect$$libshutdown$$00000012      0x08000220   Section        2  libshutdown2.o(.ARM.Collect$$libshutdown$$00000012)
    .ARM.Collect$$rtentry$$00000000          0x08000222   Section        0  __rtentry.o(.ARM.Collect$$rtentry$$00000000)
    .ARM.Collect$$rtentry$$00000002          0x08000222   Section        0  __rtentry2.o(.ARM.Collect$$rtentry$$00000002)
    .ARM.Collect$$rtentry$$00000004          0x08000222   Section        6  __rtentry4.o(.ARM.Collect$$rtentry$$00000004)
    .ARM.Collect$$rtentry$$00000009          0x08000228   Section        0  __rtentry2.o(.ARM.Collect$$rtentry$$00000009)
    .ARM.Collect$$rtentry$$0000000A          0x08000228   Section        4  __rtentry2.o(.ARM.Collect$$rtentry$$0000000A)
    .ARM.Collect$$rtentry$$0000000C          0x0800022c   Section        0  __rtentry2.o(.ARM.Collect$$rtentry$$0000000C)
    .ARM.Collect$$rtentry$$0000000D          0x0800022c   Section        8  __rtentry2.o(.ARM.Collect$$rtentry$$0000000D)
    .ARM.Collect$$rtexit$$00000000           0x08000234   Section        2  rtexit.o(.ARM.Collect$$rtexit$$00000000)
    .ARM.Collect$$rtexit$$00000002           0x08000236   Section        0  rtexit2.o(.ARM.Collect$$rtexit$$00000002)
    .ARM.Collect$$rtexit$$00000003           0x08000236   Section        4  rtexit2.o(.ARM.Collect$$rtexit$$00000003)
    .ARM.Collect$$rtexit$$00000004           0x0800023a   Section        6  rtexit2.o(.ARM.Collect$$rtexit$$00000004)
    .text                                    0x08000240   Section       64  startup_stm32f407xx.o(.text)
    $v0                                      0x08000240   Number         0  startup_stm32f407xx.o(.text)
    .text                                    0x08000280   Section        0  __2snprintf.o(.text)
    .text                                    0x080002b8   Section        0  __printf_wp.o(.text)
    .text                                    0x080003c6   Section        0  heapauxi.o(.text)
    .text                                    0x080003cc   Section        0  _printf_fp_dec.o(.text)
    _fp_digits                               0x080003cf   Thumb Code   432  _printf_fp_dec.o(.text)
    .text                                    0x080007ec   Section        0  _printf_char_common.o(.text)
    _printf_input_char                       0x080007ed   Thumb Code    10  _printf_char_common.o(.text)
    .text                                    0x0800081c   Section        0  _sputc.o(.text)
    .text                                    0x08000826   Section        0  _snputc.o(.text)
    .text                                    0x08000838   Section        8  rt_locale_intlibspace.o(.text)
    .text                                    0x08000840   Section      138  lludiv10.o(.text)
    .text                                    0x080008cc   Section        0  _printf_fp_infnan.o(.text)
    .text                                    0x0800094c   Section        0  bigflt0.o(.text)
    .text                                    0x08000a30   Section        8  libspace.o(.text)
    .text                                    0x08000a38   Section       74  sys_stackheap_outer.o(.text)
    .text                                    0x08000a82   Section        0  exit.o(.text)
    .text                                    0x08000a94   Section      128  strcmpv7m.o(.text)
    .text                                    0x08000b14   Section        0  sys_exit.o(.text)
    .text                                    0x08000b20   Section        2  use_no_semi.o(.text)
    .text                                    0x08000b22   Section        0  indicate_semi.o(.text)
    CL$$btod_d2e                             0x08000b22   Section       62  btod.o(CL$$btod_d2e)
    CL$$btod_d2e_denorm_low                  0x08000b60   Section       70  btod.o(CL$$btod_d2e_denorm_low)
    CL$$btod_d2e_norm_op1                    0x08000ba6   Section       96  btod.o(CL$$btod_d2e_norm_op1)
    CL$$btod_div_common                      0x08000c06   Section      824  btod.o(CL$$btod_div_common)
    CL$$btod_e2e                             0x08000f3e   Section      220  btod.o(CL$$btod_e2e)
    CL$$btod_ediv                            0x0800101a   Section       42  btod.o(CL$$btod_ediv)
    CL$$btod_emul                            0x08001044   Section       42  btod.o(CL$$btod_emul)
    CL$$btod_mult_common                     0x0800106e   Section      580  btod.o(CL$$btod_mult_common)
    i.EXTI0_IRQHandler                       0x080012b4   Section        0  multimeter.o(i.EXTI0_IRQHandler)
    i.PB_LCD_Clear                           0x080012fc   Section        0  pb_lcd_drivers.o(i.PB_LCD_Clear)
    i.PB_LCD_GoToXY                          0x08001312   Section        0  pb_lcd_drivers.o(i.PB_LCD_GoToXY)
    i.PB_LCD_Init                            0x08001348   Section        0  pb_lcd_drivers.o(i.PB_LCD_Init)
    i.PB_LCD_IsBusy                          0x08001468   Section        0  pb_lcd_drivers.o(i.PB_LCD_IsBusy)
    i.PB_LCD_Microdelay                      0x08001500   Section        0  pb_lcd_drivers.o(i.PB_LCD_Microdelay)
    i.PB_LCD_Set_As_Input                    0x0800154c   Section        0  pb_lcd_drivers.o(i.PB_LCD_Set_As_Input)
    i.PB_LCD_Set_As_Output                   0x0800156c   Section        0  pb_lcd_drivers.o(i.PB_LCD_Set_As_Output)
    i.PB_LCD_Write                           0x080015ac   Section        0  pb_lcd_drivers.o(i.PB_LCD_Write)
    i.PB_LCD_WriteString                     0x0800162c   Section        0  pb_lcd_drivers.o(i.PB_LCD_WriteString)
    i.SysTick_Handler                        0x08001658   Section        0  multimeter.o(i.SysTick_Handler)
    i.SystemCoreClockUpdate                  0x080016ac   Section        0  system_stm32f4xx.o(i.SystemCoreClockUpdate)
    i.SystemInit                             0x0800176c   Section        0  system_stm32f4xx.o(i.SystemInit)
    i.__ARM_fpclassify                       0x08001780   Section        0  fpclassify.o(i.__ARM_fpclassify)
    i._is_digit                              0x080017b0   Section        0  __printf_wp.o(i._is_digit)
    i.checkButton                            0x080017c0   Section        0  multimeter.o(i.checkButton)
    i.configPA0                              0x080017d8   Section        0  multimeter.o(i.configPA0)
    i.current                                0x08001860   Section        0  multimeter.o(i.current)
    i.dc_voltage                             0x080019e4   Section        0  multimeter.o(i.dc_voltage)
    i.delay                                  0x08001cf4   Section        0  multimeter.o(i.delay)
    i.initialise_adc1                        0x08001d18   Section        0  multimeter.o(i.initialise_adc1)
    i.initialise_adc2                        0x08001da8   Section        0  multimeter.o(i.initialise_adc2)
    i.main                                   0x08001e4c   Section        0  multimeter.o(i.main)
    i.menu                                   0x08001f9c   Section        0  multimeter.o(i.menu)
    i.mux_select_in                          0x0800204c   Section        0  multimeter.o(i.mux_select_in)
    i.resistance                             0x080020d8   Section        0  multimeter.o(i.resistance)
    locale$$code                             0x0800226c   Section       44  lc_numeric_c.o(locale$$code)
    x$fpl$dcmpinf                            0x08002298   Section       24  dcmpi.o(x$fpl$dcmpinf)
    $v0                                      0x08002298   Number         0  dcmpi.o(x$fpl$dcmpinf)
    x$fpl$dflt                               0x080022b0   Section       46  dflt_clz.o(x$fpl$dflt)
    $v0                                      0x080022b0   Number         0  dflt_clz.o(x$fpl$dflt)
    x$fpl$dleqf                              0x080022e0   Section      120  dleqf.o(x$fpl$dleqf)
    $v0                                      0x080022e0   Number         0  dleqf.o(x$fpl$dleqf)
    x$fpl$dnaninf                            0x08002358   Section      156  dnaninf.o(x$fpl$dnaninf)
    $v0                                      0x08002358   Number         0  dnaninf.o(x$fpl$dnaninf)
    x$fpl$dretinf                            0x080023f4   Section       12  dretinf.o(x$fpl$dretinf)
    $v0                                      0x080023f4   Number         0  dretinf.o(x$fpl$dretinf)
    x$fpl$drleqf                             0x08002400   Section      108  drleqf.o(x$fpl$drleqf)
    $v0                                      0x08002400   Number         0  drleqf.o(x$fpl$drleqf)
    x$fpl$f2d                                0x0800246c   Section       86  f2d.o(x$fpl$f2d)
    $v0                                      0x0800246c   Number         0  f2d.o(x$fpl$f2d)
    x$fpl$fnaninf                            0x080024c2   Section      140  fnaninf.o(x$fpl$fnaninf)
    $v0                                      0x080024c2   Number         0  fnaninf.o(x$fpl$fnaninf)
    x$fpl$fpinit                             0x0800254e   Section       10  fpinit.o(x$fpl$fpinit)
    $v0                                      0x0800254e   Number         0  fpinit.o(x$fpl$fpinit)
    x$fpl$printf1                            0x08002558   Section        4  printf1.o(x$fpl$printf1)
    $v0                                      0x08002558   Number         0  printf1.o(x$fpl$printf1)
    .constdata                               0x0800255c   Section       24  system_stm32f4xx.o(.constdata)
    x$fpl$usenofp                            0x0800255c   Section        0  usenofp.o(x$fpl$usenofp)
    .constdata                               0x08002574   Section      148  bigflt0.o(.constdata)
    tenpwrs_x                                0x08002574   Data          60  bigflt0.o(.constdata)
    tenpwrs_i                                0x080025b0   Data          64  bigflt0.o(.constdata)
    locale$$data                             0x08002628   Section       28  lc_numeric_c.o(locale$$data)
    __lcnum_c_name                           0x0800262c   Data           2  lc_numeric_c.o(locale$$data)
    __lcnum_c_start                          0x08002634   Data           0  lc_numeric_c.o(locale$$data)
    __lcnum_c_point                          0x08002640   Data           0  lc_numeric_c.o(locale$$data)
    __lcnum_c_thousands                      0x08002642   Data           0  lc_numeric_c.o(locale$$data)
    __lcnum_c_grouping                       0x08002643   Data           0  lc_numeric_c.o(locale$$data)
    __lcnum_c_end                            0x08002644   Data           0  lc_numeric_c.o(locale$$data)
    .data                                    0x20000000   Section       48  multimeter.o(.data)
    .data                                    0x20000030   Section        4  system_stm32f4xx.o(.data)
    .bss                                     0x20000034   Section       96  libspace.o(.bss)
    HEAP                                     0x20000098   Section      512  startup_stm32f407xx.o(HEAP)
    Heap_Mem                                 0x20000098   Data         512  startup_stm32f407xx.o(HEAP)
    STACK                                    0x20000298   Section     1024  startup_stm32f407xx.o(STACK)
    Stack_Mem                                0x20000298   Data        1024  startup_stm32f407xx.o(STACK)
    __initial_sp                             0x20000698   Data           0  startup_stm32f407xx.o(STACK)

    Global Symbols

    Symbol Name                              Value     Ov Type        Size  Object(Section)

    BuildAttributes$$THM_ISAv4$E$P$D$K$B$S$7EM$VFPi3$EXTD16$VFPS$VFMA$PE$A:L22UL41UL21$X:L11$S22US41US21$IEEE1$IW$USESV6$~STKCKD$USESV7$~SHL$OTIME$ROPI$IEEEJ$EBA8$UX$STANDARDLIB$REQ8$PRES8$EABIv2 0x00000000   Number         0  anon$$obj.o ABSOLUTE
    __ARM_use_no_argv                        0x00000000   Number         0  multimeter.o ABSOLUTE
    _printf_flags                            0x00000000   Number         0  printf_stubs.o ABSOLUTE
    _printf_return_value                     0x00000000   Number         0  printf_stubs.o ABSOLUTE
    _printf_sizespec                         0x00000000   Number         0  printf_stubs.o ABSOLUTE
    _printf_widthprec                        0x00000000   Number         0  printf_stubs.o ABSOLUTE
    __ARM_exceptions_init                     - Undefined Weak Reference
    __alloca_initialize                       - Undefined Weak Reference
    __arm_fini_                               - Undefined Weak Reference
    __arm_preinit_                            - Undefined Weak Reference
    __cpp_initialize__aeabi_                  - Undefined Weak Reference
    __cxa_finalize                            - Undefined Weak Reference
    __sigvec_lookup                           - Undefined Weak Reference
    _atexit_init                              - Undefined Weak Reference
    _call_atexit_fns                          - Undefined Weak Reference
    _clock_init                               - Undefined Weak Reference
    _fp_trap_init                             - Undefined Weak Reference
    _fp_trap_shutdown                         - Undefined Weak Reference
    _get_lc_collate                           - Undefined Weak Reference
    _get_lc_ctype                             - Undefined Weak Reference
    _get_lc_monetary                          - Undefined Weak Reference
    _get_lc_time                              - Undefined Weak Reference
    _getenv_init                              - Undefined Weak Reference
    _handle_redirection                       - Undefined Weak Reference
    _init_alloc                               - Undefined Weak Reference
    _init_user_alloc                          - Undefined Weak Reference
    _initio                                   - Undefined Weak Reference
    _printf_post_padding                      - Undefined Weak Reference
    _printf_pre_padding                       - Undefined Weak Reference
    _rand_init                                - Undefined Weak Reference
    _signal_finish                            - Undefined Weak Reference
    _signal_init                              - Undefined Weak Reference
    _terminate_alloc                          - Undefined Weak Reference
    _terminate_user_alloc                     - Undefined Weak Reference
    _terminateio                              - Undefined Weak Reference
    __Vectors_Size                           0x00000188   Number         0  startup_stm32f407xx.o ABSOLUTE
    __Vectors                                0x08000000   Data           4  startup_stm32f407xx.o(RESET)
    __Vectors_End                            0x08000188   Data           0  startup_stm32f407xx.o(RESET)
    __main                                   0x08000189   Thumb Code     8  __main.o(!!!main)
    __scatterload                            0x08000191   Thumb Code     0  __scatter.o(!!!scatter)
    __scatterload_rt2                        0x08000191   Thumb Code    44  __scatter.o(!!!scatter)
    __scatterload_rt2_thumb_only             0x08000191   Thumb Code     0  __scatter.o(!!!scatter)
    __scatterload_null                       0x0800019f   Thumb Code     0  __scatter.o(!!!scatter)
    __scatterload_copy                       0x080001c5   Thumb Code    26  __scatter_copy.o(!!handler_copy)
    __scatterload_zeroinit                   0x080001e1   Thumb Code    28  __scatter_zi.o(!!handler_zi)
    _printf_g                                0x080001fd   Thumb Code     0  _printf_g.o(.ARM.Collect$$_printf_percent$$00000005)
    _printf_percent                          0x080001fd   Thumb Code     0  _printf_percent.o(.ARM.Collect$$_printf_percent$$00000000)
    _printf_percent_end                      0x08000203   Thumb Code     0  _printf_percent_end.o(.ARM.Collect$$_printf_percent$$00000017)
    __rt_lib_init                            0x08000207   Thumb Code     0  libinit.o(.ARM.Collect$$libinit$$00000000)
    __rt_lib_init_fp_1                       0x08000209   Thumb Code     0  libinit2.o(.ARM.Collect$$libinit$$00000001)
    __rt_lib_init_heap_1                     0x0800020d   Thumb Code     0  libinit2.o(.ARM.Collect$$libinit$$0000000A)
    __rt_lib_init_lc_common                  0x0800020d   Thumb Code     0  libinit2.o(.ARM.Collect$$libinit$$0000000F)
    __rt_lib_init_preinit_1                  0x0800020d   Thumb Code     0  libinit2.o(.ARM.Collect$$libinit$$00000004)
    __rt_lib_init_rand_1                     0x0800020d   Thumb Code     0  libinit2.o(.ARM.Collect$$libinit$$0000000E)
    __rt_lib_init_user_alloc_1               0x0800020d   Thumb Code     0  libinit2.o(.ARM.Collect$$libinit$$0000000C)
    __rt_lib_init_lc_collate_1               0x08000213   Thumb Code     0  libinit2.o(.ARM.Collect$$libinit$$00000011)
    __rt_lib_init_lc_ctype_1                 0x08000213   Thumb Code     0  libinit2.o(.ARM.Collect$$libinit$$00000013)
    __rt_lib_init_lc_monetary_1              0x08000213   Thumb Code     0  libinit2.o(.ARM.Collect$$libinit$$00000015)
    __rt_lib_init_lc_numeric_2               0x08000213   Thumb Code     0  libinit2.o(.ARM.Collect$$libinit$$00000016)
    __rt_lib_init_alloca_1                   0x0800021d   Thumb Code     0  libinit2.o(.ARM.Collect$$libinit$$0000002E)
    __rt_lib_init_argv_1                     0x0800021d   Thumb Code     0  libinit2.o(.ARM.Collect$$libinit$$0000002C)
    __rt_lib_init_atexit_1                   0x0800021d   Thumb Code     0  libinit2.o(.ARM.Collect$$libinit$$0000001B)
    __rt_lib_init_clock_1                    0x0800021d   Thumb Code     0  libinit2.o(.ARM.Collect$$libinit$$00000021)
    __rt_lib_init_cpp_1                      0x0800021d   Thumb Code     0  libinit2.o(.ARM.Collect$$libinit$$00000032)
    __rt_lib_init_exceptions_1               0x0800021d   Thumb Code     0  libinit2.o(.ARM.Collect$$libinit$$00000030)
    __rt_lib_init_fp_trap_1                  0x0800021d   Thumb Code     0  libinit2.o(.ARM.Collect$$libinit$$0000001F)
    __rt_lib_init_getenv_1                   0x0800021d   Thumb Code     0  libinit2.o(.ARM.Collect$$libinit$$00000023)
    __rt_lib_init_lc_numeric_1               0x0800021d   Thumb Code     0  libinit2.o(.ARM.Collect$$libinit$$00000017)
    __rt_lib_init_lc_time_1                  0x0800021d   Thumb Code     0  libinit2.o(.ARM.Collect$$libinit$$00000019)
    __rt_lib_init_return                     0x0800021d   Thumb Code     0  libinit2.o(.ARM.Collect$$libinit$$00000033)
    __rt_lib_init_signal_1                   0x0800021d   Thumb Code     0  libinit2.o(.ARM.Collect$$libinit$$0000001D)
    __rt_lib_init_stdio_1                    0x0800021d   Thumb Code     0  libinit2.o(.ARM.Collect$$libinit$$00000025)
    __rt_lib_shutdown                        0x0800021f   Thumb Code     0  libshutdown.o(.ARM.Collect$$libshutdown$$00000000)
    __rt_lib_shutdown_cpp_1                  0x08000221   Thumb Code     0  libshutdown2.o(.ARM.Collect$$libshutdown$$00000004)
    __rt_lib_shutdown_fini_1                 0x08000221   Thumb Code     0  libshutdown2.o(.ARM.Collect$$libshutdown$$00000002)
    __rt_lib_shutdown_fp_trap_1              0x08000221   Thumb Code     0  libshutdown2.o(.ARM.Collect$$libshutdown$$00000009)
    __rt_lib_shutdown_heap_1                 0x08000221   Thumb Code     0  libshutdown2.o(.ARM.Collect$$libshutdown$$00000011)
    __rt_lib_shutdown_return                 0x08000221   Thumb Code     0  libshutdown2.o(.ARM.Collect$$libshutdown$$00000012)
    __rt_lib_shutdown_signal_1               0x08000221   Thumb Code     0  libshutdown2.o(.ARM.Collect$$libshutdown$$0000000C)
    __rt_lib_shutdown_stdio_1                0x08000221   Thumb Code     0  libshutdown2.o(.ARM.Collect$$libshutdown$$00000006)
    __rt_lib_shutdown_user_alloc_1           0x08000221   Thumb Code     0  libshutdown2.o(.ARM.Collect$$libshutdown$$0000000E)
    __rt_entry                               0x08000223   Thumb Code     0  __rtentry.o(.ARM.Collect$$rtentry$$00000000)
    __rt_entry_presh_1                       0x08000223   Thumb Code     0  __rtentry2.o(.ARM.Collect$$rtentry$$00000002)
    __rt_entry_sh                            0x08000223   Thumb Code     0  __rtentry4.o(.ARM.Collect$$rtentry$$00000004)
    __rt_entry_li                            0x08000229   Thumb Code     0  __rtentry2.o(.ARM.Collect$$rtentry$$0000000A)
    __rt_entry_postsh_1                      0x08000229   Thumb Code     0  __rtentry2.o(.ARM.Collect$$rtentry$$00000009)
    __rt_entry_main                          0x0800022d   Thumb Code     0  __rtentry2.o(.ARM.Collect$$rtentry$$0000000D)
    __rt_entry_postli_1                      0x0800022d   Thumb Code     0  __rtentry2.o(.ARM.Collect$$rtentry$$0000000C)
    __rt_exit                                0x08000235   Thumb Code     0  rtexit.o(.ARM.Collect$$rtexit$$00000000)
    __rt_exit_ls                             0x08000237   Thumb Code     0  rtexit2.o(.ARM.Collect$$rtexit$$00000003)
    __rt_exit_prels_1                        0x08000237   Thumb Code     0  rtexit2.o(.ARM.Collect$$rtexit$$00000002)
    __rt_exit_exit                           0x0800023b   Thumb Code     0  rtexit2.o(.ARM.Collect$$rtexit$$00000004)
    Reset_Handler                            0x08000241   Thumb Code     8  startup_stm32f407xx.o(.text)
    NMI_Handler                              0x08000249   Thumb Code     2  startup_stm32f407xx.o(.text)
    HardFault_Handler                        0x0800024b   Thumb Code     2  startup_stm32f407xx.o(.text)
    MemManage_Handler                        0x0800024d   Thumb Code     2  startup_stm32f407xx.o(.text)
    BusFault_Handler                         0x0800024f   Thumb Code     2  startup_stm32f407xx.o(.text)
    UsageFault_Handler                       0x08000251   Thumb Code     2  startup_stm32f407xx.o(.text)
    SVC_Handler                              0x08000253   Thumb Code     2  startup_stm32f407xx.o(.text)
    DebugMon_Handler                         0x08000255   Thumb Code     2  startup_stm32f407xx.o(.text)
    PendSV_Handler                           0x08000257   Thumb Code     2  startup_stm32f407xx.o(.text)
    ADC_IRQHandler                           0x0800025b   Thumb Code     0  startup_stm32f407xx.o(.text)
    CAN1_RX0_IRQHandler                      0x0800025b   Thumb Code     0  startup_stm32f407xx.o(.text)
    CAN1_RX1_IRQHandler                      0x0800025b   Thumb Code     0  startup_stm32f407xx.o(.text)
    CAN1_SCE_IRQHandler                      0x0800025b   Thumb Code     0  startup_stm32f407xx.o(.text)
    CAN1_TX_IRQHandler                       0x0800025b   Thumb Code     0  startup_stm32f407xx.o(.text)
    CAN2_RX0_IRQHandler                      0x0800025b   Thumb Code     0  startup_stm32f407xx.o(.text)
    CAN2_RX1_IRQHandler                      0x0800025b   Thumb Code     0  startup_stm32f407xx.o(.text)
    CAN2_SCE_IRQHandler                      0x0800025b   Thumb Code     0  startup_stm32f407xx.o(.text)
    CAN2_TX_IRQHandler                       0x0800025b   Thumb Code     0  startup_stm32f407xx.o(.text)
    DCMI_IRQHandler                          0x0800025b   Thumb Code     0  startup_stm32f407xx.o(.text)
    DMA1_Stream0_IRQHandler                  0x0800025b   Thumb Code     0  startup_stm32f407xx.o(.text)
    DMA1_Stream1_IRQHandler                  0x0800025b   Thumb Code     0  startup_stm32f407xx.o(.text)
    DMA1_Stream2_IRQHandler                  0x0800025b   Thumb Code     0  startup_stm32f407xx.o(.text)
    DMA1_Stream3_IRQHandler                  0x0800025b   Thumb Code     0  startup_stm32f407xx.o(.text)
    DMA1_Stream4_IRQHandler                  0x0800025b   Thumb Code     0  startup_stm32f407xx.o(.text)
    DMA1_Stream5_IRQHandler                  0x0800025b   Thumb Code     0  startup_stm32f407xx.o(.text)
    DMA1_Stream6_IRQHandler                  0x0800025b   Thumb Code     0  startup_stm32f407xx.o(.text)
    DMA1_Stream7_IRQHandler                  0x0800025b   Thumb Code     0  startup_stm32f407xx.o(.text)
    DMA2_Stream0_IRQHandler                  0x0800025b   Thumb Code     0  startup_stm32f407xx.o(.text)
    DMA2_Stream1_IRQHandler                  0x0800025b   Thumb Code     0  startup_stm32f407xx.o(.text)
    DMA2_Stream2_IRQHandler                  0x0800025b   Thumb Code     0  startup_stm32f407xx.o(.text)
    DMA2_Stream3_IRQHandler                  0x0800025b   Thumb Code     0  startup_stm32f407xx.o(.text)
    DMA2_Stream4_IRQHandler                  0x0800025b   Thumb Code     0  startup_stm32f407xx.o(.text)
    DMA2_Stream5_IRQHandler                  0x0800025b   Thumb Code     0  startup_stm32f407xx.o(.text)
    DMA2_Stream6_IRQHandler                  0x0800025b   Thumb Code     0  startup_stm32f407xx.o(.text)
    DMA2_Stream7_IRQHandler                  0x0800025b   Thumb Code     0  startup_stm32f407xx.o(.text)
    ETH_IRQHandler                           0x0800025b   Thumb Code     0  startup_stm32f407xx.o(.text)
    ETH_WKUP_IRQHandler                      0x0800025b   Thumb Code     0  startup_stm32f407xx.o(.text)
    EXTI15_10_IRQHandler                     0x0800025b   Thumb Code     0  startup_stm32f407xx.o(.text)
    EXTI1_IRQHandler                         0x0800025b   Thumb Code     0  startup_stm32f407xx.o(.text)
    EXTI2_IRQHandler                         0x0800025b   Thumb Code     0  startup_stm32f407xx.o(.text)
    EXTI3_IRQHandler                         0x0800025b   Thumb Code     0  startup_stm32f407xx.o(.text)
    EXTI4_IRQHandler                         0x0800025b   Thumb Code     0  startup_stm32f407xx.o(.text)
    EXTI9_5_IRQHandler                       0x0800025b   Thumb Code     0  startup_stm32f407xx.o(.text)
    FLASH_IRQHandler                         0x0800025b   Thumb Code     0  startup_stm32f407xx.o(.text)
    FMC_IRQHandler                           0x0800025b   Thumb Code     0  startup_stm32f407xx.o(.text)
    FPU_IRQHandler                           0x0800025b   Thumb Code     0  startup_stm32f407xx.o(.text)
    HASH_RNG_IRQHandler                      0x0800025b   Thumb Code     0  startup_stm32f407xx.o(.text)
    I2C1_ER_IRQHandler                       0x0800025b   Thumb Code     0  startup_stm32f407xx.o(.text)
    I2C1_EV_IRQHandler                       0x0800025b   Thumb Code     0  startup_stm32f407xx.o(.text)
    I2C2_ER_IRQHandler                       0x0800025b   Thumb Code     0  startup_stm32f407xx.o(.text)
    I2C2_EV_IRQHandler                       0x0800025b   Thumb Code     0  startup_stm32f407xx.o(.text)
    I2C3_ER_IRQHandler                       0x0800025b   Thumb Code     0  startup_stm32f407xx.o(.text)
    I2C3_EV_IRQHandler                       0x0800025b   Thumb Code     0  startup_stm32f407xx.o(.text)
    OTG_FS_IRQHandler                        0x0800025b   Thumb Code     0  startup_stm32f407xx.o(.text)
    OTG_FS_WKUP_IRQHandler                   0x0800025b   Thumb Code     0  startup_stm32f407xx.o(.text)
    OTG_HS_EP1_IN_IRQHandler                 0x0800025b   Thumb Code     0  startup_stm32f407xx.o(.text)
    OTG_HS_EP1_OUT_IRQHandler                0x0800025b   Thumb Code     0  startup_stm32f407xx.o(.text)
    OTG_HS_IRQHandler                        0x0800025b   Thumb Code     0  startup_stm32f407xx.o(.text)
    OTG_HS_WKUP_IRQHandler                   0x0800025b   Thumb Code     0  startup_stm32f407xx.o(.text)
    PVD_IRQHandler                           0x0800025b   Thumb Code     0  startup_stm32f407xx.o(.text)
    RCC_IRQHandler                           0x0800025b   Thumb Code     0  startup_stm32f407xx.o(.text)
    RTC_Alarm_IRQHandler                     0x0800025b   Thumb Code     0  startup_stm32f407xx.o(.text)
    RTC_WKUP_IRQHandler                      0x0800025b   Thumb Code     0  startup_stm32f407xx.o(.text)
    SDIO_IRQHandler                          0x0800025b   Thumb Code     0  startup_stm32f407xx.o(.text)
    SPI1_IRQHandler                          0x0800025b   Thumb Code     0  startup_stm32f407xx.o(.text)
    SPI2_IRQHandler                          0x0800025b   Thumb Code     0  startup_stm32f407xx.o(.text)
    SPI3_IRQHandler                          0x0800025b   Thumb Code     0  startup_stm32f407xx.o(.text)
    TAMP_STAMP_IRQHandler                    0x0800025b   Thumb Code     0  startup_stm32f407xx.o(.text)
    TIM1_BRK_TIM9_IRQHandler                 0x0800025b   Thumb Code     0  startup_stm32f407xx.o(.text)
    TIM1_CC_IRQHandler                       0x0800025b   Thumb Code     0  startup_stm32f407xx.o(.text)
    TIM1_TRG_COM_TIM11_IRQHandler            0x0800025b   Thumb Code     0  startup_stm32f407xx.o(.text)
    TIM1_UP_TIM10_IRQHandler                 0x0800025b   Thumb Code     0  startup_stm32f407xx.o(.text)
    TIM2_IRQHandler                          0x0800025b   Thumb Code     0  startup_stm32f407xx.o(.text)
    TIM3_IRQHandler                          0x0800025b   Thumb Code     0  startup_stm32f407xx.o(.text)
    TIM4_IRQHandler                          0x0800025b   Thumb Code     0  startup_stm32f407xx.o(.text)
    TIM5_IRQHandler                          0x0800025b   Thumb Code     0  startup_stm32f407xx.o(.text)
    TIM6_DAC_IRQHandler                      0x0800025b   Thumb Code     0  startup_stm32f407xx.o(.text)
    TIM7_IRQHandler                          0x0800025b   Thumb Code     0  startup_stm32f407xx.o(.text)
    TIM8_BRK_TIM12_IRQHandler                0x0800025b   Thumb Code     0  startup_stm32f407xx.o(.text)
    TIM8_CC_IRQHandler                       0x0800025b   Thumb Code     0  startup_stm32f407xx.o(.text)
    TIM8_TRG_COM_TIM14_IRQHandler            0x0800025b   Thumb Code     0  startup_stm32f407xx.o(.text)
    TIM8_UP_TIM13_IRQHandler                 0x0800025b   Thumb Code     0  startup_stm32f407xx.o(.text)
    UART4_IRQHandler                         0x0800025b   Thumb Code     0  startup_stm32f407xx.o(.text)
    UART5_IRQHandler                         0x0800025b   Thumb Code     0  startup_stm32f407xx.o(.text)
    USART1_IRQHandler                        0x0800025b   Thumb Code     0  startup_stm32f407xx.o(.text)
    USART2_IRQHandler                        0x0800025b   Thumb Code     0  startup_stm32f407xx.o(.text)
    USART3_IRQHandler                        0x0800025b   Thumb Code     0  startup_stm32f407xx.o(.text)
    USART6_IRQHandler                        0x0800025b   Thumb Code     0  startup_stm32f407xx.o(.text)
    WWDG_IRQHandler                          0x0800025b   Thumb Code     0  startup_stm32f407xx.o(.text)
    __user_initial_stackheap                 0x0800025d   Thumb Code     0  startup_stm32f407xx.o(.text)
    __2snprintf                              0x08000281   Thumb Code    50  __2snprintf.o(.text)
    __printf                                 0x080002b9   Thumb Code   270  __printf_wp.o(.text)
    __use_two_region_memory                  0x080003c7   Thumb Code     2  heapauxi.o(.text)
    __rt_heap_escrow$2region                 0x080003c9   Thumb Code     2  heapauxi.o(.text)
    __rt_heap_expand$2region                 0x080003cb   Thumb Code     2  heapauxi.o(.text)
    __lib_sel_fp_printf                      0x080003cd   Thumb Code     2  _printf_fp_dec.o(.text)
    _printf_fp_dec_real                      0x0800057f   Thumb Code   620  _printf_fp_dec.o(.text)
    _printf_char_common                      0x080007f7   Thumb Code    32  _printf_char_common.o(.text)
    _sputc                                   0x0800081d   Thumb Code    10  _sputc.o(.text)
    _snputc                                  0x08000827   Thumb Code    16  _snputc.o(.text)
    __rt_locale                              0x08000839   Thumb Code     8  rt_locale_intlibspace.o(.text)
    _ll_udiv10                               0x08000841   Thumb Code   138  lludiv10.o(.text)
    _printf_fp_infnan                        0x080008cd   Thumb Code   112  _printf_fp_infnan.o(.text)
    _btod_etento                             0x0800094d   Thumb Code   224  bigflt0.o(.text)
    __user_libspace                          0x08000a31   Thumb Code     8  libspace.o(.text)
    __user_perproc_libspace                  0x08000a31   Thumb Code     0  libspace.o(.text)
    __user_perthread_libspace                0x08000a31   Thumb Code     0  libspace.o(.text)
    __user_setup_stackheap                   0x08000a39   Thumb Code    74  sys_stackheap_outer.o(.text)
    exit                                     0x08000a83   Thumb Code    18  exit.o(.text)
    strcmp                                   0x08000a95   Thumb Code   128  strcmpv7m.o(.text)
    _sys_exit                                0x08000b15   Thumb Code     8  sys_exit.o(.text)
    __I$use$semihosting                      0x08000b21   Thumb Code     0  use_no_semi.o(.text)
    __use_no_semihosting_swi                 0x08000b21   Thumb Code     2  use_no_semi.o(.text)
    __semihosting_library_function           0x08000b23   Thumb Code     0  indicate_semi.o(.text)
    _btod_d2e                                0x08000b23   Thumb Code    62  btod.o(CL$$btod_d2e)
    _d2e_denorm_low                          0x08000b61   Thumb Code    70  btod.o(CL$$btod_d2e_denorm_low)
    _d2e_norm_op1                            0x08000ba7   Thumb Code    96  btod.o(CL$$btod_d2e_norm_op1)
    __btod_div_common                        0x08000c07   Thumb Code   696  btod.o(CL$$btod_div_common)
    _e2e                                     0x08000f3f   Thumb Code   220  btod.o(CL$$btod_e2e)
    _btod_ediv                               0x0800101b   Thumb Code    42  btod.o(CL$$btod_ediv)
    _btod_emul                               0x08001045   Thumb Code    42  btod.o(CL$$btod_emul)
    __btod_mult_common                       0x0800106f   Thumb Code   580  btod.o(CL$$btod_mult_common)
    EXTI0_IRQHandler                         0x080012b5   Thumb Code    54  multimeter.o(i.EXTI0_IRQHandler)
    PB_LCD_Clear                             0x080012fd   Thumb Code    22  pb_lcd_drivers.o(i.PB_LCD_Clear)
    PB_LCD_GoToXY                            0x08001313   Thumb Code    54  pb_lcd_drivers.o(i.PB_LCD_GoToXY)
    PB_LCD_Init                              0x08001349   Thumb Code   272  pb_lcd_drivers.o(i.PB_LCD_Init)
    PB_LCD_IsBusy                            0x08001469   Thumb Code   144  pb_lcd_drivers.o(i.PB_LCD_IsBusy)
    PB_LCD_Microdelay                        0x08001501   Thumb Code    66  pb_lcd_drivers.o(i.PB_LCD_Microdelay)
    PB_LCD_Set_As_Input                      0x0800154d   Thumb Code    32  pb_lcd_drivers.o(i.PB_LCD_Set_As_Input)
    PB_LCD_Set_As_Output                     0x0800156d   Thumb Code    64  pb_lcd_drivers.o(i.PB_LCD_Set_As_Output)
    PB_LCD_Write                             0x080015ad   Thumb Code   118  pb_lcd_drivers.o(i.PB_LCD_Write)
    PB_LCD_WriteString                       0x0800162d   Thumb Code    42  pb_lcd_drivers.o(i.PB_LCD_WriteString)
    SysTick_Handler                          0x08001659   Thumb Code    64  multimeter.o(i.SysTick_Handler)
    SystemCoreClockUpdate                    0x080016ad   Thumb Code   170  system_stm32f4xx.o(i.SystemCoreClockUpdate)
    SystemInit                               0x0800176d   Thumb Code    14  system_stm32f4xx.o(i.SystemInit)
    __ARM_fpclassify                         0x08001781   Thumb Code    48  fpclassify.o(i.__ARM_fpclassify)
    _is_digit                                0x080017b1   Thumb Code    14  __printf_wp.o(i._is_digit)
    checkButton                              0x080017c1   Thumb Code    18  multimeter.o(i.checkButton)
    configPA0                                0x080017d9   Thumb Code   118  multimeter.o(i.configPA0)
    current                                  0x08001861   Thumb Code   310  multimeter.o(i.current)
    dc_voltage                               0x080019e5   Thumb Code   654  multimeter.o(i.dc_voltage)
    delay                                    0x08001cf5   Thumb Code    26  multimeter.o(i.delay)
    initialise_adc1                          0x08001d19   Thumb Code   130  multimeter.o(i.initialise_adc1)
    initialise_adc2                          0x08001da9   Thumb Code   148  multimeter.o(i.initialise_adc2)
    main                                     0x08001e4d   Thumb Code   246  multimeter.o(i.main)
    menu                                     0x08001f9d   Thumb Code   112  multimeter.o(i.menu)
    mux_select_in                            0x0800204d   Thumb Code   130  multimeter.o(i.mux_select_in)
    resistance                               0x080020d9   Thumb Code   322  multimeter.o(i.resistance)
    _get_lc_numeric                          0x0800226d   Thumb Code    44  lc_numeric_c.o(locale$$code)
    __fpl_dcmp_Inf                           0x08002299   Thumb Code    24  dcmpi.o(x$fpl$dcmpinf)
    __aeabi_i2d                              0x080022b1   Thumb Code     0  dflt_clz.o(x$fpl$dflt)
    _dflt                                    0x080022b1   Thumb Code    46  dflt_clz.o(x$fpl$dflt)
    __aeabi_cdcmple                          0x080022e1   Thumb Code     0  dleqf.o(x$fpl$dleqf)
    _dcmple                                  0x080022e1   Thumb Code   120  dleqf.o(x$fpl$dleqf)
    __fpl_dcmple_InfNaN                      0x08002343   Thumb Code     0  dleqf.o(x$fpl$dleqf)
    __fpl_dnaninf                            0x08002359   Thumb Code   156  dnaninf.o(x$fpl$dnaninf)
    __fpl_dretinf                            0x080023f5   Thumb Code    12  dretinf.o(x$fpl$dretinf)
    __aeabi_cdrcmple                         0x08002401   Thumb Code     0  drleqf.o(x$fpl$drleqf)
    _drcmple                                 0x08002401   Thumb Code   108  drleqf.o(x$fpl$drleqf)
    __aeabi_f2d                              0x0800246d   Thumb Code     0  f2d.o(x$fpl$f2d)
    _f2d                                     0x0800246d   Thumb Code    86  f2d.o(x$fpl$f2d)
    __fpl_fnaninf                            0x080024c3   Thumb Code   140  fnaninf.o(x$fpl$fnaninf)
    _fp_init                                 0x0800254f   Thumb Code    10  fpinit.o(x$fpl$fpinit)
    __fplib_config_fpu_vfp                   0x08002557   Thumb Code     0  fpinit.o(x$fpl$fpinit)
    __fplib_config_pureend_doubles           0x08002557   Thumb Code     0  fpinit.o(x$fpl$fpinit)
    _printf_fp_dec                           0x08002559   Thumb Code     4  printf1.o(x$fpl$printf1)
    AHBPrescTable                            0x0800255c   Data          16  system_stm32f4xx.o(.constdata)
    __I$use$fp                               0x0800255c   Number         0  usenofp.o(x$fpl$usenofp)
    APBPrescTable                            0x0800256c   Data           8  system_stm32f4xx.o(.constdata)
    Region$$Table$$Base                      0x08002608   Number         0  anon$$obj.o(Region$$Table)
    Region$$Table$$Limit                     0x08002628   Number         0  anon$$obj.o(Region$$Table)
    menu_select_counter                      0x20000000   Data           4  multimeter.o(.data)
    buttonState                              0x20000004   Data           4  multimeter.o(.data)
    startup_screen_status                    0x20000008   Data           4  multimeter.o(.data)
    sleep_tick_count                         0x2000000c   Data           4  multimeter.o(.data)
    cache_sleep_tick_count                   0x20000010   Data           4  multimeter.o(.data)
    LCD_TIME_PASSED                          0x20000014   Data           4  multimeter.o(.data)
    btn_tick_count                           0x20000018   Data           4  multimeter.o(.data)
    cache_btn_tick_count                     0x2000001c   Data           4  multimeter.o(.data)
    timer_cnt                                0x20000020   Data           4  multimeter.o(.data)
    ADC_dc_sample_count                      0x20000024   Data           4  multimeter.o(.data)
    adc1_conv                                0x20000028   Data           4  multimeter.o(.data)
    adc2_conv                                0x2000002c   Data           4  multimeter.o(.data)
    SystemCoreClock                          0x20000030   Data           4  system_stm32f4xx.o(.data)
    __libspace_start                         0x20000034   Data          96  libspace.o(.bss)
    __temporary_stack_top$libspace           0x20000094   Data           0  libspace.o(.bss)



==============================================================================

Memory Map of the image

  Image Entry point : 0x08000189

  Load Region LR_IROM1 (Base: 0x08000000, Size: 0x00002678, Max: 0x00100000, ABSOLUTE)

    Execution Region ER_IROM1 (Exec base: 0x08000000, Load base: 0x08000000, Size: 0x00002644, Max: 0x00100000, ABSOLUTE)

    Exec Addr    Load Addr    Size         Type   Attr      Idx    E Section Name        Object

    0x08000000   0x08000000   0x00000188   Data   RO         1072    RESET               startup_stm32f407xx.o
    0x08000188   0x08000188   0x00000008   Code   RO         1148  * !!!main             c_w.l(__main.o)
    0x08000190   0x08000190   0x00000034   Code   RO         1394    !!!scatter          c_w.l(__scatter.o)
    0x080001c4   0x080001c4   0x0000001a   Code   RO         1396    !!handler_copy      c_w.l(__scatter_copy.o)
    0x080001de   0x080001de   0x00000002   PAD
    0x080001e0   0x080001e0   0x0000001c   Code   RO         1398    !!handler_zi        c_w.l(__scatter_zi.o)
    0x080001fc   0x080001fc   0x00000000   Code   RO         1145    .ARM.Collect$$_printf_percent$$00000000  c_w.l(_printf_percent.o)
    0x080001fc   0x080001fc   0x00000006   Code   RO         1144    .ARM.Collect$$_printf_percent$$00000005  c_w.l(_printf_g.o)
    0x08000202   0x08000202   0x00000004   Code   RO         1177    .ARM.Collect$$_printf_percent$$00000017  c_w.l(_printf_percent_end.o)
    0x08000206   0x08000206   0x00000002   Code   RO         1265    .ARM.Collect$$libinit$$00000000  c_w.l(libinit.o)
    0x08000208   0x08000208   0x00000004   Code   RO         1266    .ARM.Collect$$libinit$$00000001  c_w.l(libinit2.o)
    0x0800020c   0x0800020c   0x00000000   Code   RO         1269    .ARM.Collect$$libinit$$00000004  c_w.l(libinit2.o)
    0x0800020c   0x0800020c   0x00000000   Code   RO         1272    .ARM.Collect$$libinit$$0000000A  c_w.l(libinit2.o)
    0x0800020c   0x0800020c   0x00000000   Code   RO         1274    .ARM.Collect$$libinit$$0000000C  c_w.l(libinit2.o)
    0x0800020c   0x0800020c   0x00000000   Code   RO         1276    .ARM.Collect$$libinit$$0000000E  c_w.l(libinit2.o)
    0x0800020c   0x0800020c   0x00000006   Code   RO         1277    .ARM.Collect$$libinit$$0000000F  c_w.l(libinit2.o)
    0x08000212   0x08000212   0x00000000   Code   RO         1279    .ARM.Collect$$libinit$$00000011  c_w.l(libinit2.o)
    0x08000212   0x08000212   0x00000000   Code   RO         1281    .ARM.Collect$$libinit$$00000013  c_w.l(libinit2.o)
    0x08000212   0x08000212   0x00000000   Code   RO         1283    .ARM.Collect$$libinit$$00000015  c_w.l(libinit2.o)
    0x08000212   0x08000212   0x0000000a   Code   RO         1284    .ARM.Collect$$libinit$$00000016  c_w.l(libinit2.o)
    0x0800021c   0x0800021c   0x00000000   Code   RO         1285    .ARM.Collect$$libinit$$00000017  c_w.l(libinit2.o)
    0x0800021c   0x0800021c   0x00000000   Code   RO         1287    .ARM.Collect$$libinit$$00000019  c_w.l(libinit2.o)
    0x0800021c   0x0800021c   0x00000000   Code   RO         1289    .ARM.Collect$$libinit$$0000001B  c_w.l(libinit2.o)
    0x0800021c   0x0800021c   0x00000000   Code   RO         1291    .ARM.Collect$$libinit$$0000001D  c_w.l(libinit2.o)
    0x0800021c   0x0800021c   0x00000000   Code   RO         1293    .ARM.Collect$$libinit$$0000001F  c_w.l(libinit2.o)
    0x0800021c   0x0800021c   0x00000000   Code   RO         1295    .ARM.Collect$$libinit$$00000021  c_w.l(libinit2.o)
    0x0800021c   0x0800021c   0x00000000   Code   RO         1297    .ARM.Collect$$libinit$$00000023  c_w.l(libinit2.o)
    0x0800021c   0x0800021c   0x00000000   Code   RO         1299    .ARM.Collect$$libinit$$00000025  c_w.l(libinit2.o)
    0x0800021c   0x0800021c   0x00000000   Code   RO         1303    .ARM.Collect$$libinit$$0000002C  c_w.l(libinit2.o)
    0x0800021c   0x0800021c   0x00000000   Code   RO         1305    .ARM.Collect$$libinit$$0000002E  c_w.l(libinit2.o)
    0x0800021c   0x0800021c   0x00000000   Code   RO         1307    .ARM.Collect$$libinit$$00000030  c_w.l(libinit2.o)
    0x0800021c   0x0800021c   0x00000000   Code   RO         1309    .ARM.Collect$$libinit$$00000032  c_w.l(libinit2.o)
    0x0800021c   0x0800021c   0x00000002   Code   RO         1310    .ARM.Collect$$libinit$$00000033  c_w.l(libinit2.o)
    0x0800021e   0x0800021e   0x00000002   Code   RO         1357    .ARM.Collect$$libshutdown$$00000000  c_w.l(libshutdown.o)
    0x08000220   0x08000220   0x00000000   Code   RO         1375    .ARM.Collect$$libshutdown$$00000002  c_w.l(libshutdown2.o)
    0x08000220   0x08000220   0x00000000   Code   RO         1377    .ARM.Collect$$libshutdown$$00000004  c_w.l(libshutdown2.o)
    0x08000220   0x08000220   0x00000000   Code   RO         1379    .ARM.Collect$$libshutdown$$00000006  c_w.l(libshutdown2.o)
    0x08000220   0x08000220   0x00000000   Code   RO         1382    .ARM.Collect$$libshutdown$$00000009  c_w.l(libshutdown2.o)
    0x08000220   0x08000220   0x00000000   Code   RO         1385    .ARM.Collect$$libshutdown$$0000000C  c_w.l(libshutdown2.o)
    0x08000220   0x08000220   0x00000000   Code   RO         1387    .ARM.Collect$$libshutdown$$0000000E  c_w.l(libshutdown2.o)
    0x08000220   0x08000220   0x00000000   Code   RO         1390    .ARM.Collect$$libshutdown$$00000011  c_w.l(libshutdown2.o)
    0x08000220   0x08000220   0x00000002   Code   RO         1391    .ARM.Collect$$libshutdown$$00000012  c_w.l(libshutdown2.o)
    0x08000222   0x08000222   0x00000000   Code   RO         1164    .ARM.Collect$$rtentry$$00000000  c_w.l(__rtentry.o)
    0x08000222   0x08000222   0x00000000   Code   RO         1188    .ARM.Collect$$rtentry$$00000002  c_w.l(__rtentry2.o)
    0x08000222   0x08000222   0x00000006   Code   RO         1200    .ARM.Collect$$rtentry$$00000004  c_w.l(__rtentry4.o)
    0x08000228   0x08000228   0x00000000   Code   RO         1190    .ARM.Collect$$rtentry$$00000009  c_w.l(__rtentry2.o)
    0x08000228   0x08000228   0x00000004   Code   RO         1191    .ARM.Collect$$rtentry$$0000000A  c_w.l(__rtentry2.o)
    0x0800022c   0x0800022c   0x00000000   Code   RO         1193    .ARM.Collect$$rtentry$$0000000C  c_w.l(__rtentry2.o)
    0x0800022c   0x0800022c   0x00000008   Code   RO         1194    .ARM.Collect$$rtentry$$0000000D  c_w.l(__rtentry2.o)
    0x08000234   0x08000234   0x00000002   Code   RO         1311    .ARM.Collect$$rtexit$$00000000  c_w.l(rtexit.o)
    0x08000236   0x08000236   0x00000000   Code   RO         1326    .ARM.Collect$$rtexit$$00000002  c_w.l(rtexit2.o)
    0x08000236   0x08000236   0x00000004   Code   RO         1327    .ARM.Collect$$rtexit$$00000003  c_w.l(rtexit2.o)
    0x0800023a   0x0800023a   0x00000006   Code   RO         1328    .ARM.Collect$$rtexit$$00000004  c_w.l(rtexit2.o)
    0x08000240   0x08000240   0x00000040   Code   RO         1073    .text               startup_stm32f407xx.o
    0x08000280   0x08000280   0x00000038   Code   RO         1118    .text               c_w.l(__2snprintf.o)
    0x080002b8   0x080002b8   0x0000010e   Code   RO         1132    .text               c_w.l(__printf_wp.o)
    0x080003c6   0x080003c6   0x00000006   Code   RO         1146    .text               c_w.l(heapauxi.o)
    0x080003cc   0x080003cc   0x0000041e   Code   RO         1169    .text               c_w.l(_printf_fp_dec.o)
    0x080007ea   0x080007ea   0x00000002   PAD
    0x080007ec   0x080007ec   0x00000030   Code   RO         1171    .text               c_w.l(_printf_char_common.o)
    0x0800081c   0x0800081c   0x0000000a   Code   RO         1173    .text               c_w.l(_sputc.o)
    0x08000826   0x08000826   0x00000010   Code   RO         1175    .text               c_w.l(_snputc.o)
    0x08000836   0x08000836   0x00000002   PAD
    0x08000838   0x08000838   0x00000008   Code   RO         1207    .text               c_w.l(rt_locale_intlibspace.o)
    0x08000840   0x08000840   0x0000008a   Code   RO         1209    .text               c_w.l(lludiv10.o)
    0x080008ca   0x080008ca   0x00000002   PAD
    0x080008cc   0x080008cc   0x00000080   Code   RO         1211    .text               c_w.l(_printf_fp_infnan.o)
    0x0800094c   0x0800094c   0x000000e4   Code   RO         1215    .text               c_w.l(bigflt0.o)
    0x08000a30   0x08000a30   0x00000008   Code   RO         1247    .text               c_w.l(libspace.o)
    0x08000a38   0x08000a38   0x0000004a   Code   RO         1250    .text               c_w.l(sys_stackheap_outer.o)
    0x08000a82   0x08000a82   0x00000012   Code   RO         1252    .text               c_w.l(exit.o)
    0x08000a94   0x08000a94   0x00000080   Code   RO         1258    .text               c_w.l(strcmpv7m.o)
    0x08000b14   0x08000b14   0x0000000c   Code   RO         1323    .text               c_w.l(sys_exit.o)
    0x08000b20   0x08000b20   0x00000002   Code   RO         1344    .text               c_w.l(use_no_semi.o)
    0x08000b22   0x08000b22   0x00000000   Code   RO         1346    .text               c_w.l(indicate_semi.o)
    0x08000b22   0x08000b22   0x0000003e   Code   RO         1218    CL$$btod_d2e        c_w.l(btod.o)
    0x08000b60   0x08000b60   0x00000046   Code   RO         1220    CL$$btod_d2e_denorm_low  c_w.l(btod.o)
    0x08000ba6   0x08000ba6   0x00000060   Code   RO         1219    CL$$btod_d2e_norm_op1  c_w.l(btod.o)
    0x08000c06   0x08000c06   0x00000338   Code   RO         1228    CL$$btod_div_common  c_w.l(btod.o)
    0x08000f3e   0x08000f3e   0x000000dc   Code   RO         1225    CL$$btod_e2e        c_w.l(btod.o)
    0x0800101a   0x0800101a   0x0000002a   Code   RO         1222    CL$$btod_ediv       c_w.l(btod.o)
    0x08001044   0x08001044   0x0000002a   Code   RO         1221    CL$$btod_emul       c_w.l(btod.o)
    0x0800106e   0x0800106e   0x00000244   Code   RO         1227    CL$$btod_mult_common  c_w.l(btod.o)
    0x080012b2   0x080012b2   0x00000002   PAD
    0x080012b4   0x080012b4   0x00000048   Code   RO            4    i.EXTI0_IRQHandler  multimeter.o
    0x080012fc   0x080012fc   0x00000016   Code   RO          158    i.PB_LCD_Clear      pb_lcd_drivers.o
    0x08001312   0x08001312   0x00000036   Code   RO          159    i.PB_LCD_GoToXY     pb_lcd_drivers.o
    0x08001348   0x08001348   0x00000120   Code   RO          160    i.PB_LCD_Init       pb_lcd_drivers.o
    0x08001468   0x08001468   0x00000098   Code   RO          161    i.PB_LCD_IsBusy     pb_lcd_drivers.o
    0x08001500   0x08001500   0x0000004c   Code   RO          162    i.PB_LCD_Microdelay  pb_lcd_drivers.o
    0x0800154c   0x0800154c   0x00000020   Code   RO          163    i.PB_LCD_Set_As_Input  pb_lcd_drivers.o
    0x0800156c   0x0800156c   0x00000040   Code   RO          164    i.PB_LCD_Set_As_Output  pb_lcd_drivers.o
    0x080015ac   0x080015ac   0x00000080   Code   RO          165    i.PB_LCD_Write      pb_lcd_drivers.o
    0x0800162c   0x0800162c   0x0000002a   Code   RO          167    i.PB_LCD_WriteString  pb_lcd_drivers.o
    0x08001656   0x08001656   0x00000002   PAD
    0x08001658   0x08001658   0x00000054   Code   RO            5    i.SysTick_Handler   multimeter.o
    0x080016ac   0x080016ac   0x000000c0   Code   RO         1080    i.SystemCoreClockUpdate  system_stm32f4xx.o
    0x0800176c   0x0800176c   0x00000014   Code   RO         1081    i.SystemInit        system_stm32f4xx.o
    0x08001780   0x08001780   0x00000030   Code   RO         1245    i.__ARM_fpclassify  m_wm.l(fpclassify.o)
    0x080017b0   0x080017b0   0x0000000e   Code   RO         1134    i._is_digit         c_w.l(__printf_wp.o)
    0x080017be   0x080017be   0x00000002   PAD
    0x080017c0   0x080017c0   0x00000018   Code   RO            7    i.checkButton       multimeter.o
    0x080017d8   0x080017d8   0x00000088   Code   RO            8    i.configPA0         multimeter.o
    0x08001860   0x08001860   0x00000184   Code   RO            9    i.current           multimeter.o
    0x080019e4   0x080019e4   0x00000310   Code   RO           10    i.dc_voltage        multimeter.o
    0x08001cf4   0x08001cf4   0x00000024   Code   RO           11    i.delay             multimeter.o
    0x08001d18   0x08001d18   0x00000090   Code   RO           12    i.initialise_adc1   multimeter.o
    0x08001da8   0x08001da8   0x000000a4   Code   RO           13    i.initialise_adc2   multimeter.o
    0x08001e4c   0x08001e4c   0x00000150   Code   RO           14    i.main              multimeter.o
    0x08001f9c   0x08001f9c   0x000000b0   Code   RO           15    i.menu              multimeter.o
    0x0800204c   0x0800204c   0x0000008c   Code   RO           16    i.mux_select_in     multimeter.o
    0x080020d8   0x080020d8   0x00000194   Code   RO           17    i.resistance        multimeter.o
    0x0800226c   0x0800226c   0x0000002c   Code   RO         1241    locale$$code        c_w.l(lc_numeric_c.o)
    0x08002298   0x08002298   0x00000018   Code   RO         1178    x$fpl$dcmpinf       fz_wm.l(dcmpi.o)
    0x080022b0   0x080022b0   0x0000002e   Code   RO         1151    x$fpl$dflt          fz_wm.l(dflt_clz.o)
    0x080022de   0x080022de   0x00000002   PAD
    0x080022e0   0x080022e0   0x00000078   Code   RO         1156    x$fpl$dleqf         fz_wm.l(dleqf.o)
    0x08002358   0x08002358   0x0000009c   Code   RO         1180    x$fpl$dnaninf       fz_wm.l(dnaninf.o)
    0x080023f4   0x080023f4   0x0000000c   Code   RO         1182    x$fpl$dretinf       fz_wm.l(dretinf.o)
    0x08002400   0x08002400   0x0000006c   Code   RO         1158    x$fpl$drleqf        fz_wm.l(drleqf.o)
    0x0800246c   0x0800246c   0x00000056   Code   RO         1160    x$fpl$f2d           fz_wm.l(f2d.o)
    0x080024c2   0x080024c2   0x0000008c   Code   RO         1184    x$fpl$fnaninf       fz_wm.l(fnaninf.o)
    0x0800254e   0x0800254e   0x0000000a   Code   RO         1321    x$fpl$fpinit        fz_wm.l(fpinit.o)
    0x08002558   0x08002558   0x00000004   Code   RO         1162    x$fpl$printf1       fz_wm.l(printf1.o)
    0x0800255c   0x0800255c   0x00000000   Code   RO         1186    x$fpl$usenofp       fz_wm.l(usenofp.o)
    0x0800255c   0x0800255c   0x00000018   Data   RO         1082    .constdata          system_stm32f4xx.o
    0x08002574   0x08002574   0x00000094   Data   RO         1216    .constdata          c_w.l(bigflt0.o)
    0x08002608   0x08002608   0x00000020   Data   RO         1392    Region$$Table       anon$$obj.o
    0x08002628   0x08002628   0x0000001c   Data   RO         1240    locale$$data        c_w.l(lc_numeric_c.o)


    Execution Region RW_IRAM1 (Exec base: 0x20000000, Load base: 0x08002644, Size: 0x00000698, Max: 0x00020000, ABSOLUTE)

    Exec Addr    Load Addr    Size         Type   Attr      Idx    E Section Name        Object

    0x20000000   0x08002644   0x00000030   Data   RW           20    .data               multimeter.o
    0x20000030   0x08002674   0x00000004   Data   RW         1083    .data               system_stm32f4xx.o
    0x20000034        -       0x00000060   Zero   RW         1248    .bss                c_w.l(libspace.o)
    0x20000094   0x08002678   0x00000004   PAD
    0x20000098        -       0x00000200   Zero   RW         1071    HEAP                startup_stm32f407xx.o
    0x20000298        -       0x00000400   Zero   RW         1070    STACK               startup_stm32f407xx.o


==============================================================================

Image component sizes


      Code (inc. data)   RO Data    RW Data    ZI Data      Debug   Object Name

      2888        556          0         48          0     603788   multimeter.o
       858         44          0          0          0       6350   pb_lcd_drivers.o
        64         26        392          0       1536        872   startup_stm32f407xx.o
       212         28         24          4          0       2027   system_stm32f4xx.o

    ----------------------------------------------------------------------
      4024        654        448         52       1536     613037   Object Totals
         0          0         32          0          0          0   (incl. Generated)
         2          0          0          0          0          0   (incl. Padding)

    ----------------------------------------------------------------------

      Code (inc. data)   RO Data    RW Data    ZI Data      Debug   Library Member Name

        56          6          0          0          0         88   __2snprintf.o
         8          0          0          0          0         68   __main.o
       284          0          0          0          0        156   __printf_wp.o
         0          0          0          0          0          0   __rtentry.o
        12          0          0          0          0          0   __rtentry2.o
         6          0          0          0          0          0   __rtentry4.o
        52          8          0          0          0          0   __scatter.o
        26          0          0          0          0          0   __scatter_copy.o
        28          0          0          0          0          0   __scatter_zi.o
        48          6          0          0          0         96   _printf_char_common.o
      1054          0          0          0          0        216   _printf_fp_dec.o
       128         16          0          0          0         84   _printf_fp_infnan.o
         6          0          0          0          0          0   _printf_g.o
         0          0          0          0          0          0   _printf_percent.o
         4          0          0          0          0          0   _printf_percent_end.o
        16          0          0          0          0         68   _snputc.o
        10          0          0          0          0         68   _sputc.o
       228          4        148          0          0         96   bigflt0.o
      1936        128          0          0          0        672   btod.o
        18          0          0          0          0         80   exit.o
         6          0          0          0          0        152   heapauxi.o
         0          0          0          0          0          0   indicate_semi.o
        44         10         28          0          0         76   lc_numeric_c.o
         2          0          0          0          0          0   libinit.o
        22          0          0          0          0          0   libinit2.o
         2          0          0          0          0          0   libshutdown.o
         2          0          0          0          0          0   libshutdown2.o
         8          4          0          0         96         68   libspace.o
       138          0          0          0          0         80   lludiv10.o
         8          4          0          0          0         68   rt_locale_intlibspace.o
         2          0          0          0          0          0   rtexit.o
        10          0          0          0          0          0   rtexit2.o
       128          0          0          0          0         68   strcmpv7m.o
        12          4          0          0          0         68   sys_exit.o
        74          0          0          0          0         80   sys_stackheap_outer.o
         2          0          0          0          0         68   use_no_semi.o
        24          0          0          0          0        116   dcmpi.o
        46          0          0          0          0        116   dflt_clz.o
       120          4          0          0          0        140   dleqf.o
       156          4          0          0          0        140   dnaninf.o
        12          0          0          0          0        116   dretinf.o
       108          0          0          0          0        128   drleqf.o
        86          4          0          0          0        132   f2d.o
       140          4          0          0          0        132   fnaninf.o
        10          0          0          0          0        116   fpinit.o
         4          0          0          0          0        116   printf1.o
         0          0          0          0          0          0   usenofp.o
        48          0          0          0          0        124   fpclassify.o

    ----------------------------------------------------------------------
      5148        206        176          0        100       3796   Library Totals
        14          0          0          0          4          0   (incl. Padding)

    ----------------------------------------------------------------------

      Code (inc. data)   RO Data    RW Data    ZI Data      Debug   Library Name

      4380        190        176          0         96       2420   c_w.l
       706         16          0          0          0       1252   fz_wm.l
        48          0          0          0          0        124   m_wm.l

    ----------------------------------------------------------------------
      5148        206        176          0        100       3796   Library Totals

    ----------------------------------------------------------------------

==============================================================================


      Code (inc. data)   RO Data    RW Data    ZI Data      Debug   

      9172        860        624         52       1636     612733   Grand Totals
      9172        860        624         52       1636     612733   ELF Image Totals
      9172        860        624         52          0          0   ROM Totals

==============================================================================

    Total RO  Size (Code + RO Data)                 9796 (   9.57kB)
    Total RW  Size (RW Data + ZI Data)              1688 (   1.65kB)
    Total ROM Size (Code + RO Data + RW Data)       9848 (   9.62kB)

==============================================================================

